{
  "metadata": {
    "file_name": "lgastat1.cbl",
    "path": "<WORK>/cics-genapp/base/src/lgastat1.cbl",
    "corporate_header": "",
    "loc": 140
  },
  "analysis": {
    "dead_code": {
      "program_id": "lgastat1.cbl",
      "total_vars": 41,
      "orphaned_vars": [
        "ATRANID",
        "CA-CUSTOMER-NUM",
        "CA-CUSTOMER-REQUEST",
        "CA-CUSTSECR-REQUEST",
        "CA-POLICY-REQUEST",
        "CA-REQUEST-SPECIFIC",
        "DFHCOMMAREA",
        "GENAOTHER",
        "LGACDB01",
        "LGACVS01",
        "STSQ-NAME",
        "WS-CA-HEADER-LEN",
        "WS-CHANNAME",
        "WS-COMMAREA-LENGTHS",
        "WS-CONTNAME",
        "WS-EYECATCHER",
        "WS-REQUIRED-CA-LEN"
      ],
      "total_paras": 2,
      "dead_paras": [
        "MAINLINE-EXIT"
      ],
      "loc_saved": 27
    },
    "lineage": {
      "program_id": "LGASTAT1",
      "inputs": [],
      "outputs": [],
      "unresolved_calls": []
    },
    "base_intent": {
      "program_id": "LGASTAT1",
      "files_requested": [],
      "is_cics": true,
      "is_db2": false,
      "cics_calls": 9,
      "sql_calls": 0
    },
    "honesty_flags": []
  },
  "generation": {
    "schemas": {
      "table": "DFHCOMMAREA",
      "sql": "CREATE TABLE DFHCOMMAREA (\n    WS_ABSTIME                     INTEGER,\n    WS_TIME                        VARCHAR(8),\n    WS_DATE                        VARCHAR(10),\n    WS_AREA_D                      VARCHAR(8),\n    WS_AREA_T                      VARCHAR(6),\n    WS_QNAME                       VARCHAR(8),\n    WS_CHANNAME1                   VARCHAR(16),\n    WS_CHANNAME2                   VARCHAR(16),\n    WS_DATA_REQ                    VARCHAR(6),\n    WS_DATA_RC                     VARCHAR(2),\n    WS_TRANSID                     VARCHAR(4),\n    WS_TERMID                      VARCHAR(4),\n    WS_TASKNUM                     INTEGER,\n    WS_CALEN                       INTEGER,\n    WS_RESP                        INTEGER,\n    GENACOUNTER                    VARCHAR(6),\n    GENATYPE                       VARCHAR(2),\n    TRANCOUNT                      INTEGER,\n    GENAPOOL                       VARCHAR(8)\n);",
      "json": {
        "$schema": "http://json-schema.org/draft-07/schema#",
        "title": "DFHCOMMAREA",
        "type": "object",
        "properties": {
          "WS_ABSTIME": {
            "type": "integer",
            "description": "Legacy PIC: S9(8)"
          },
          "WS_TIME": {
            "type": "string",
            "description": "Legacy PIC: X(8)"
          },
          "WS_DATE": {
            "type": "string",
            "description": "Legacy PIC: X(10)"
          },
          "WS_AREA_D": {
            "type": "string",
            "description": "Legacy PIC: X(8)"
          },
          "WS_AREA_T": {
            "type": "string",
            "description": "Legacy PIC: X(6)"
          },
          "WS_QNAME": {
            "type": "string",
            "description": "Legacy PIC: X(8)"
          },
          "WS_CHANNAME1": {
            "type": "string",
            "description": "Legacy PIC: X(16)"
          },
          "WS_CHANNAME2": {
            "type": "string",
            "description": "Legacy PIC: X(16)"
          },
          "WS_DATA_REQ": {
            "type": "string",
            "description": "Legacy PIC: X(6)"
          },
          "WS_DATA_RC": {
            "type": "string",
            "description": "Legacy PIC: X(2)"
          },
          "WS_TRANSID": {
            "type": "string",
            "description": "Legacy PIC: X(4)"
          },
          "WS_TERMID": {
            "type": "string",
            "description": "Legacy PIC: X(4)"
          },
          "WS_TASKNUM": {
            "type": "integer",
            "description": "Legacy PIC: 9(7)"
          },
          "WS_CALEN": {
            "type": "integer",
            "description": "Legacy PIC: 9(7)"
          },
          "WS_RESP": {
            "type": "integer",
            "description": "Legacy PIC: S9(8)"
          },
          "GENACOUNTER": {
            "type": "string",
            "description": "Legacy PIC: X(6)"
          },
          "GENATYPE": {
            "type": "string",
            "description": "Legacy PIC: X(2)"
          },
          "TRANCOUNT": {
            "type": "integer",
            "description": "Legacy PIC: S9(8)"
          },
          "GENAPOOL": {
            "type": "string",
            "description": "Legacy PIC: X(8)"
          }
        }
      }
    },
    "jcl": "//GITGJOB JOB (12345),'GITGALAXY GENERATOR',\n//             CLASS=A,MSGCLASS=A,MSGLEVEL=(1,1),\n//             USER=HERC01,PASSWORD=CUL8TR,\n//             TIME=10,REGION=4M\n//* ==========================================================\n//* AUTOGENERATED BY GITGALAXY ZERO-TRUST GENERATOR\n//* ARCHITECTURE REQUIRES: CICS\n//* ==========================================================\n//STEP01   EXEC PGM=LGASTAT1\n//STEPLIB  DD DSN=HERC01.LOADLIB,DISP=SHR\n//SYSOUT   DD SYSOUT=*\n//SYSPRINT DD SYSOUT=*\n//SYSUDUMP DD SYSOUT=*\n//"
  }
}
