{
  "metadata": {
    "file_name": "lgipvs01.cbl",
    "path": "<WORK>/cics-genapp/base/src/lgipvs01.cbl",
    "corporate_header": "",
    "loc": 149,
    "ir_sources": {
      "lineage": "forge",
      "schemas": "forge"
    }
  },
  "analysis": {
    "dead_code": {
      "program_id": "lgipvs01.cbl",
      "total_vars": 35,
      "orphaned_vars": [
        "CA-CUSTOMER-NUM",
        "CA-POLICY-NUM",
        "DFHCOMMAREA",
        "MSGEND",
        "PIC",
        "WRITE-MSG-TYPE",
        "WS-FLAG-TSQE",
        "WS-FLAG-TSQH",
        "WS-FLAG-TSQL",
        "WS-RANDOM-NUMBER",
        "WS-RANDOM-SEED",
        "WS-RECV-TRANID"
      ],
      "total_paras": 2,
      "dead_paras": [
        "A-EXIT"
      ],
      "loc_saved": 22
    },
    "lineage": {
      "program_id": "LGIPVS01",
      "inputs": [],
      "outputs": [],
      "unresolved_calls": []
    },
    "base_intent": {
      "program_id": "LGIPVS01",
      "files_requested": [],
      "is_cics": true,
      "is_db2": false,
      "cics_calls": 7,
      "sql_calls": 0
    },
    "honesty_flags": []
  },
  "generation": {
    "schemas": {
      "table": "DFHCOMMAREA",
      "sql": "CREATE TABLE DFHCOMMAREA (\n    WS_FLAG                        VARCHAR(1),\n    WS_RESP                        INTEGER,\n    WS_STARTCODE                   VARCHAR(2),\n    WS_SYSID                       VARCHAR(4),\n    WS_INVOKEPROG                  VARCHAR(8),\n    WS_COMMAREA                    VARCHAR(80),\n    WS_RECV_DATA                   VARCHAR(74),\n    WS_RECV_LEN                    SMALLINT,\n    WRITE_MSG_TEXT                 VARCHAR(11),\n    WRITE_MSG_CUSTNUM              BIGINT,\n    WRITE_MSG_POLNUM               BIGINT,\n    PART_KEY_TYPE                  VARCHAR(1),\n    PART_KEY_NUM                   BIGINT,\n    CA_POLICY_TYPE                 VARCHAR(1),\n    F64                            SMALLINT,\n    F11                            SMALLINT,\n    COMMA_DATA_TEXT                VARCHAR(11),\n    COMMA_DATA_KEY                 VARCHAR(21)\n);",
      "json": {
        "$schema": "http://json-schema.org/draft-07/schema#",
        "title": "DFHCOMMAREA",
        "type": "object",
        "properties": {
          "WS_FLAG": {
            "type": "string",
            "description": "Legacy PIC: X"
          },
          "WS_RESP": {
            "type": "integer",
            "description": "Legacy PIC: S9(8)"
          },
          "WS_STARTCODE": {
            "type": "string",
            "description": "Legacy PIC: XX"
          },
          "WS_SYSID": {
            "type": "string",
            "description": "Legacy PIC: X(4)"
          },
          "WS_INVOKEPROG": {
            "type": "string",
            "description": "Legacy PIC: X(8)"
          },
          "WS_COMMAREA": {
            "type": "string",
            "description": "Legacy PIC: X(80)"
          },
          "WS_RECV_DATA": {
            "type": "string",
            "description": "Legacy PIC: X(74)"
          },
          "WS_RECV_LEN": {
            "type": "integer",
            "description": "Legacy PIC: S9(4)"
          },
          "WRITE_MSG_TEXT": {
            "type": "string",
            "description": "Legacy PIC: X(11)"
          },
          "WRITE_MSG_CUSTNUM": {
            "type": "integer",
            "description": "Legacy PIC: 9(10)"
          },
          "WRITE_MSG_POLNUM": {
            "type": "integer",
            "description": "Legacy PIC: 9(10)"
          },
          "PART_KEY_TYPE": {
            "type": "string",
            "description": "Legacy PIC: X"
          },
          "PART_KEY_NUM": {
            "type": "integer",
            "description": "Legacy PIC: 9(10)"
          },
          "CA_POLICY_TYPE": {
            "type": "string",
            "description": "Legacy PIC: X"
          },
          "F64": {
            "type": "integer",
            "description": "Legacy PIC: S9(4)"
          },
          "F11": {
            "type": "integer",
            "description": "Legacy PIC: S9(4)"
          },
          "COMMA_DATA_TEXT": {
            "type": "string",
            "description": "Legacy PIC: X(11)"
          },
          "COMMA_DATA_KEY": {
            "type": "string",
            "description": "Legacy PIC: X(21)"
          }
        }
      }
    },
    "jcl": "//GITGJOB JOB (12345),'GITGALAXY GENERATOR',\n//             CLASS=A,MSGCLASS=A,MSGLEVEL=(1,1),\n//             USER=HERC01,PASSWORD=CUL8TR,\n//             TIME=10,REGION=4M\n//* ==========================================================\n//* AUTOGENERATED BY GITGALAXY ZERO-TRUST GENERATOR\n//* ARCHITECTURE REQUIRES: CICS\n//* ==========================================================\n//STEP01   EXEC PGM=LGIPVS01\n//STEPLIB  DD DSN=HERC01.LOADLIB,DISP=SHR\n//SYSOUT   DD SYSOUT=*\n//SYSPRINT DD SYSOUT=*\n//SYSUDUMP DD SYSOUT=*\n//"
  }
}
