{
  "metadata": {
    "file_name": "lgtestc1.cbl",
    "path": "<WORK>/cics-genapp/base/src/lgtestc1.cbl",
    "corporate_header": "",
    "loc": 347,
    "ir_sources": {
      "lineage": "forge",
      "schemas": "forge"
    }
  },
  "analysis": {
    "dead_code": {
      "program_id": "lgtestc1.cbl",
      "total_vars": 25,
      "orphaned_vars": [
        "CA-CUSTOMER-REQUEST",
        "CA-CUSTSECR-REQUEST",
        "CA-POLICY-REQUEST",
        "CA-REQUEST-SPECIFIC",
        "PIC",
        "READ-CUST-HIGH",
        "WS-CUST-HIGH"
      ],
      "total_paras": 10,
      "dead_paras": [],
      "loc_saved": 7
    },
    "lineage": {
      "program_id": "LGTESTC1",
      "inputs": [],
      "outputs": [],
      "unresolved_calls": []
    },
    "base_intent": {
      "program_id": "LGTESTC1",
      "files_requested": [],
      "is_cics": true,
      "is_db2": false,
      "cics_calls": 30,
      "sql_calls": 0
    },
    "honesty_flags": [
      "[lgtestc1.cbl : Line 0075] CRITICAL LIMIT - Asynchronous error routing detected. Execution flow can jump outside the static DAG."
    ]
  },
  "generation": {
    "schemas": {
      "table": "COMM_AREA",
      "sql": "CREATE TABLE COMM_AREA (\n    WS_RESP                        INTEGER,\n    WS_ITEM_COUNT                  SMALLINT,\n    WS_FLAG_TSQH                   VARCHAR(1),\n    READ_MSG_MSG                   VARCHAR(80),\n    WRITE_MSG_E                    VARCHAR(20),\n    WRITE_MSG_L                    VARCHAR(13),\n    WRITE_MSG_LOW                  BIGINT,\n    WRITE_MSG_H                    VARCHAR(14),\n    WRITE_MSG_HIGH                 BIGINT,\n    STSQ_NAME                      VARCHAR(8),\n    F24                            SMALLINT,\n    MSGEND                         VARCHAR(24)\n);",
      "json": {
        "$schema": "http://json-schema.org/draft-07/schema#",
        "title": "COMM_AREA",
        "type": "object",
        "properties": {
          "WS_RESP": {
            "type": "integer",
            "description": "Legacy PIC: S9(8)"
          },
          "WS_ITEM_COUNT": {
            "type": "integer",
            "description": "Legacy PIC: S9(4)"
          },
          "WS_FLAG_TSQH": {
            "type": "string",
            "description": "Legacy PIC: X"
          },
          "READ_MSG_MSG": {
            "type": "string",
            "description": "Legacy PIC: X(80)"
          },
          "WRITE_MSG_E": {
            "type": "string",
            "description": "Legacy PIC: X(20)"
          },
          "WRITE_MSG_L": {
            "type": "string",
            "description": "Legacy PIC: X(13)"
          },
          "WRITE_MSG_LOW": {
            "type": "integer",
            "description": "Legacy PIC: 9(10)"
          },
          "WRITE_MSG_H": {
            "type": "string",
            "description": "Legacy PIC: X(14)"
          },
          "WRITE_MSG_HIGH": {
            "type": "integer",
            "description": "Legacy PIC: 9(10)"
          },
          "STSQ_NAME": {
            "type": "string",
            "description": "Legacy PIC: X(8)"
          },
          "F24": {
            "type": "integer",
            "description": "Legacy PIC: S9(4)"
          },
          "MSGEND": {
            "type": "string",
            "description": "Legacy PIC: X(24)"
          }
        }
      }
    },
    "jcl": "//GITGJOB JOB (12345),'GITGALAXY GENERATOR',\n//             CLASS=A,MSGCLASS=A,MSGLEVEL=(1,1),\n//             USER=HERC01,PASSWORD=CUL8TR,\n//             TIME=10,REGION=4M\n//* ==========================================================\n//* AUTOGENERATED BY GITGALAXY ZERO-TRUST GENERATOR\n//* ARCHITECTURE REQUIRES: CICS\n//* ==========================================================\n//STEP01   EXEC PGM=LGTESTC1\n//STEPLIB  DD DSN=HERC01.LOADLIB,DISP=SHR\n//SYSOUT   DD SYSOUT=*\n//SYSPRINT DD SYSOUT=*\n//SYSUDUMP DD SYSOUT=*\n//"
  }
}
