package com.gitgalaxy.modernized.entity;

import lombok.Data;
import lombok.NoArgsConstructor;
import jakarta.persistence.*;
import java.math.BigDecimal;

@Data
@NoArgsConstructor
@Entity
@Table(name = "WS_MISC_VARIABLES")
public class Cbtrn01cWsMiscVariables {

    @Id
    @GeneratedValue(strategy = GenerationType.IDENTITY)
    @Column(name = "sys_id")
    private Long sysId;

    @Column(name = "FD_XREF_CARD_NUM")
    private String fdXrefCardNum;

    @Column(name = "FD_ACCT_ID")
    private BigDecimal fdAcctId;

    @Column(name = "IO_STAT1")
    private String ioStat1;

    @Column(name = "IO_STAT2")
    private String ioStat2;

    @Column(name = "TWO_BYTES_BINARY")
    private Integer twoBytesBinary;

    @Column(name = "TWO_BYTES_RIGHT")
    private String twoBytesRight;

    @Column(name = "IO_STATUS_0403")
    private Integer ioStatus0403;

    @Column(name = "APPL_RESULT")
    private Integer applResult;

    @Column(name = "END_OF_DAILY_TRANS_FILE")
    private String endOfDailyTransFile;

    @Column(name = "ABCODE")
    private Integer abcode;

    @Column(name = "TIMING")
    private Integer timing;

    @Column(name = "WS_XREF_READ_STATUS")
    private BigDecimal wsXrefReadStatus;

    @Column(name = "WS_ACCT_READ_STATUS")
    private BigDecimal wsAcctReadStatus;

}