package com.gitgalaxy.modernized.entity;

import lombok.Data;
import lombok.NoArgsConstructor;
import jakarta.persistence.*;
import java.math.BigDecimal;

@Data
@NoArgsConstructor
@Entity
@Table(name = "DFHCOMMAREA")
public class Copaus0cDfhcommarea {

    @Id
    @GeneratedValue(strategy = GenerationType.IDENTITY)
    @Column(name = "sys_id")
    private Long sysId;

    @Column(name = "WS_PGM_AUTH_SMRY")
    private String wsPgmAuthSmry;

    @Column(name = "WS_PGM_AUTH_DTL")
    private String wsPgmAuthDtl;

    @Column(name = "WS_PGM_MENU")
    private String wsPgmMenu;

    @Column(name = "WS_CICS_TRANID")
    private String wsCicsTranid;

    @Column(name = "WS_MESSAGE")
    private String wsMessage;

    @Column(name = "WS_ACCTFILENAME")
    private String wsAcctfilename;

    @Column(name = "WS_CUSTFILENAME")
    private String wsCustfilename;

    @Column(name = "WS_CARDXREFNAME_ACCT_PATH")
    private String wsCardxrefnameAcctPath;

    @Column(name = "WS_ACCT_ID")
    private String wsAcctId;

    @Column(name = "WS_AUTH_KEY_SAVE")
    private String wsAuthKeySave;

    @Column(name = "WS_AUTH_APRV_STAT")
    private String wsAuthAprvStat;

    @Column(name = "WS_RESP_CD")
    private Integer wsRespCd;

    @Column(name = "WS_REAS_CD")
    private Integer wsReasCd;

    @Column(name = "WS_RESP_CD_DIS")
    private BigDecimal wsRespCdDis;

    @Column(name = "WS_REAS_CD_DIS")
    private BigDecimal wsReasCdDis;

    @Column(name = "WS_IDX")
    private Integer wsIdx;

    @Column(name = "WS_AUTH_AMT")
    private BigDecimal wsAuthAmt;

    @Column(name = "WS_DISPLAY_AMT12")
    private BigDecimal wsDisplayAmt12;

    @Column(name = "WS_DISPLAY_AMT9")
    private BigDecimal wsDisplayAmt9;

    @Column(name = "WS_DISPLAY_COUNT")
    private BigDecimal wsDisplayCount;

    @Column(name = "WS_AUTH_DATE")
    private String wsAuthDate;

    @Column(name = "WS_AUTH_TIME")
    private String wsAuthTime;

    @Column(name = "WS_CARD_RID_CUST_ID")
    private BigDecimal wsCardRidCustId;

    @Column(name = "WS_CARD_RID_ACCT_ID")
    private BigDecimal wsCardRidAcctId;

    @Column(name = "PSB_NAME")
    private String psbName;

    @Column(name = "PAUT_PCB_NUM")
    private Integer pautPcbNum;

    @Column(name = "IMS_RETURN_CODE")
    private String imsReturnCode;

    @Column(name = "WS_ERR_FLG")
    private String wsErrFlg;

    @Column(name = "CDEMO_CPVS_PAU_SEL_FLG")
    private String cdemoCpvsPauSelFlg;

    @Column(name = "CDEMO_CPVS_PAU_SELECTED")
    private String cdemoCpvsPauSelected;

    @Column(name = "CDEMO_CPVS_PAUKEY_PREV_PG")
    private String cdemoCpvsPaukeyPrevPg;

    @Column(name = "CDEMO_CPVS_PAUKEY_LAST")
    private String cdemoCpvsPaukeyLast;

    @Column(name = "CDEMO_CPVS_PAGE_NUM")
    private Integer cdemoCpvsPageNum;

    @Column(name = "CDEMO_CPVS_NEXT_PAGE_FLG")
    private String cdemoCpvsNextPageFlg;

    @Column(name = "CDEMO_CPVS_AUTH_KEYS")
    private String cdemoCpvsAuthKeys;

}