{
  "$schema": "http://json-schema.org/draft-07/schema#",
  "title": "X00000175",
  "type": "object",
  "properties": {
    "DFH_BODY_CONTAINER": {
      "type": "string",
      "description": "Legacy PIC: X(16)"
    },
    "DFH_DATA_CONTAINER": {
      "type": "string",
      "description": "Legacy PIC: X(16)"
    },
    "CONVERTER_RETURN_CODE": {
      "type": "integer",
      "description": "Legacy PIC: S9(9)"
    },
    "SEVERITY": {
      "type": "integer",
      "description": "Legacy PIC: S9(4)"
    },
    "MSG_NO": {
      "type": "integer",
      "description": "Legacy PIC: S9(4)"
    },
    "CASE_SEV_CTL": {
      "type": "string",
      "description": "Legacy PIC: X"
    },
    "FACILITY": {
      "type": "string",
      "description": "Legacy PIC: XXX"
    },
    "I_S_INFO": {
      "type": "integer",
      "description": "Legacy PIC: S9(9)"
    },
    "ERROR_OCCURRED": {
      "type": "string",
      "description": "Legacy PIC: X"
    },
    "ERROR_MESSAGE_NUMBER": {
      "type": "integer",
      "description": "Legacy PIC: 9(9)"
    },
    "ERROR_REASON_LENGTH": {
      "type": "integer",
      "description": "Legacy PIC: 9(9)"
    },
    "ERROR_REASON": {
      "type": "string",
      "description": "Legacy PIC: X(512)"
    },
    "XML2LS_LANG_BUFFER_LENGTH": {
      "type": "integer",
      "description": "Legacy PIC: S9(9)"
    },
    "LS2XML_LANG_BUFFER_LENGTH": {
      "type": "integer",
      "description": "Legacy PIC: S9(9)"
    },
    "LS2XML_XML_BUFFER_LENGTH": {
      "type": "integer",
      "description": "Legacy PIC: S9(9)"
    },
    "XML2LS_XML_CCSID": {
      "type": "integer",
      "description": "Legacy PIC: S9(9)"
    },
    "HOST_LANG_CCSID": {
      "type": "integer",
      "description": "Legacy PIC: S9(9)"
    },
    "LS2XML_XML_CCSID": {
      "type": "integer",
      "description": "Legacy PIC: S9(9)"
    },
    "NEXT_CONTAINER": {
      "type": "string",
      "description": "Legacy PIC: X(16)"
    },
    "COMMAND_RESP": {
      "type": "integer",
      "description": "Legacy PIC: 9(9)"
    },
    "COMMAND_RESP2": {
      "type": "integer",
      "description": "Legacy PIC: 9(9)"
    },
    "DFH_BODY_LEN": {
      "type": "integer",
      "description": "Legacy PIC: 9(9)"
    },
    "DFH_DATA_LEN": {
      "type": "integer",
      "description": "Legacy PIC: 9(9)"
    },
    "WORK_AREA_LEN": {
      "type": "integer",
      "description": "Legacy PIC: 9(9)"
    },
    "DFH_BODY": {
      "type": "string",
      "description": "Legacy PIC: X"
    },
    "DFH_DATA": {
      "type": "string",
      "description": "Legacy PIC: X"
    },
    "PROCESS_INDICATOR": {
      "type": "string",
      "description": "Legacy PIC: X"
    },
    "EPSPCOM_PRINCIPLE_DATA": {
      "type": "number",
      "description": "Legacy PIC: S9(9)V9(2)"
    },
    "EPSPCOM_NUMBER_OF_YEARS": {
      "type": "integer",
      "description": "Legacy PIC: S9(4)"
    },
    "EPSPCOM_NUMBER_OF_MONTHS": {
      "type": "integer",
      "description": "Legacy PIC: S9(4)"
    },
    "EPSPCOM_QUOTED_INTEREST_RATE": {
      "type": "number",
      "description": "Legacy PIC: S9(2)V9(3)"
    },
    "EPSPCOM_YEAR_MONTH_IND": {
      "type": "string",
      "description": "Legacy PIC: X"
    },
    "EPSPCOM_RETURN_MONTH_PAYMENT": {
      "type": "number",
      "description": "Legacy PIC: S9(7)V9(2)"
    },
    "EPSPCOM_ERRMSG": {
      "type": "string",
      "description": "Legacy PIC: X(80)"
    },
    "EPSPCOM_PROGRAM_RETCODE": {
      "type": "integer",
      "description": "Legacy PIC: 9(4)"
    },
    "EPSPCOM_PROGRAM_RETCODE_RDF": {
      "type": "string",
      "description": "Legacy PIC: X(4)"
    }
  }
}
