CREATE TABLE X00000175 (
    DFH_BODY_CONTAINER             VARCHAR(16),
    DFH_DATA_CONTAINER             VARCHAR(16),
    CONVERTER_RETURN_CODE          INTEGER,
    SEVERITY                       SMALLINT,
    MSG_NO                         SMALLINT,
    CASE_SEV_CTL                   VARCHAR(1),
    FACILITY                       VARCHAR(3),
    I_S_INFO                       INTEGER,
    SEVERITY                       SMALLINT,
    MSG_NO                         SMALLINT,
    CASE_SEV_CTL                   VARCHAR(1),
    FACILITY                       VARCHAR(3),
    I_S_INFO                       INTEGER,
    ERROR_OCCURRED                 VARCHAR(1),
    ERROR_MESSAGE_NUMBER           INTEGER,
    ERROR_REASON_LENGTH            INTEGER,
    ERROR_REASON                   VARCHAR(512),
    XML2LS_LANG_BUFFER_LENGTH      INTEGER,
    LS2XML_LANG_BUFFER_LENGTH      INTEGER,
    LS2XML_XML_BUFFER_LENGTH       INTEGER,
    XML2LS_XML_CCSID               INTEGER,
    HOST_LANG_CCSID                INTEGER,
    LS2XML_XML_CCSID               INTEGER,
    NEXT_CONTAINER                 VARCHAR(16),
    COMMAND_RESP                   INTEGER,
    COMMAND_RESP2                  INTEGER,
    DFH_BODY_LEN                   INTEGER,
    DFH_DATA_LEN                   INTEGER,
    WORK_AREA_LEN                  INTEGER,
    DFH_BODY                       VARCHAR(1),
    DFH_DATA                       VARCHAR(1),
    PROCESS_INDICATOR              VARCHAR(1),
    EPSPCOM_PRINCIPLE_DATA         DECIMAL(11, 2),
    EPSPCOM_NUMBER_OF_YEARS        SMALLINT,
    EPSPCOM_NUMBER_OF_MONTHS       SMALLINT,
    EPSPCOM_QUOTED_INTEREST_RATE   DECIMAL(5, 3),
    EPSPCOM_YEAR_MONTH_IND         VARCHAR(1),
    EPSPCOM_RETURN_MONTH_PAYMENT   DECIMAL(9, 2),
    EPSPCOM_ERRMSG                 VARCHAR(80),
    EPSPCOM_PROGRAM_RETCODE        SMALLINT,
    EPSPCOM_PROGRAM_RETCODE_RDF    VARCHAR(4)
);