{
  "$schema": "http://json-schema.org/draft-07/schema#",
  "title": "RETURN_CHANNELS",
  "type": "object",
  "properties": {
    "CUST_NO_IN": {
      "type": "string",
      "description": "Legacy PIC: X(4)"
    },
    "CREDIT_CHECK_RESULT": {
      "type": "string",
      "description": "Legacy PIC: X(3)"
    },
    "CUSTOMER_NAME": {
      "type": "string",
      "description": "Legacy PIC: X(80)"
    },
    "CUSTOMER_ADDRESS": {
      "type": "string",
      "description": "Legacy PIC: X(80)"
    },
    "CUSTOMER_POSTCODE": {
      "type": "string",
      "description": "Legacy PIC: X(8)"
    },
    "CUSTOMER_IMPORTANCE": {
      "type": "string",
      "description": "Legacy PIC: X(8)"
    },
    "APPLICATION_RESULT": {
      "type": "string",
      "description": "Legacy PIC: X(7)"
    },
    "APPLICATION_SUCCESS": {
      "type": "string",
      "description": "Legacy PIC: X(7)"
    },
    "APPLICATION_FAILED": {
      "type": "string",
      "description": "Legacy PIC: X(7)"
    },
    "TRANID": {
      "type": "string",
      "description": "Legacy PIC: X(4)"
    },
    "INPUTACCNUM": {
      "type": "string",
      "description": "Legacy PIC: X(4)"
    },
    "READ_INPUT_LENGTH": {
      "type": "integer",
      "description": "Legacy PIC: S9(4)"
    },
    "PARENT_PROGRAM": {
      "type": "string",
      "description": "Legacy PIC: X(8)"
    },
    "ACCOUNT_NUM": {
      "type": "string",
      "description": "Legacy PIC: X(4)"
    },
    "TRANSACTION_1": {
      "type": "string",
      "description": "Legacy PIC: X(4)"
    },
    "TRAN1_STATUS": {
      "type": "string",
      "description": "Legacy PIC: X(1)"
    },
    "TRANSACTION_2": {
      "type": "string",
      "description": "Legacy PIC: X(4)"
    },
    "TRAN2_STATUS": {
      "type": "string",
      "description": "Legacy PIC: X(1)"
    },
    "TRANSACTION_3": {
      "type": "string",
      "description": "Legacy PIC: X(4)"
    },
    "TRAN3_STATUS": {
      "type": "string",
      "description": "Legacy PIC: X(1)"
    },
    "TRANSACTION_4": {
      "type": "string",
      "description": "Legacy PIC: X(4)"
    },
    "TRAN4_STATUS": {
      "type": "string",
      "description": "Legacy PIC: X(1)"
    },
    "TRANSACTION_5": {
      "type": "string",
      "description": "Legacy PIC: X(4)"
    },
    "TRAN5_STATUS": {
      "type": "string",
      "description": "Legacy PIC: X(1)"
    },
    "RESULT_TEXT": {
      "type": "string",
      "description": "Legacy PIC: X(7)"
    },
    "IS_TERMINAL_BASED": {
      "type": "string",
      "description": "Legacy PIC: X(1)"
    },
    "START_CODE": {
      "type": "string",
      "description": "Legacy PIC: X(2)"
    },
    "INPUT_CONTAINER": {
      "type": "string",
      "description": "Legacy PIC: X(16)"
    },
    "CRDTCHK_CONTAINER": {
      "type": "string",
      "description": "Legacy PIC: X(16)"
    },
    "UPDCSDB_CONTAINER": {
      "type": "string",
      "description": "Legacy PIC: X(16)"
    },
    "GETNAME_CONTAINER": {
      "type": "string",
      "description": "Legacy PIC: X(16)"
    },
    "GETADDR_CONTAINER": {
      "type": "string",
      "description": "Legacy PIC: X(16)"
    },
    "GETPOST_CONTAINER": {
      "type": "string",
      "description": "Legacy PIC: X(16)"
    },
    "CSSTATUS_CONTAINER": {
      "type": "string",
      "description": "Legacy PIC: X(16)"
    },
    "MYCHANNEL": {
      "type": "string",
      "description": "Legacy PIC: X(16)"
    },
    "CREDIT_CHECK": {
      "type": "string",
      "description": "Legacy PIC: X(8)"
    },
    "DB_CACHE": {
      "type": "string",
      "description": "Legacy PIC: X(8)"
    },
    "GET_NAME": {
      "type": "string",
      "description": "Legacy PIC: X(8)"
    },
    "GET_ADDR": {
      "type": "string",
      "description": "Legacy PIC: X(8)"
    },
    "CSSTATUS": {
      "type": "string",
      "description": "Legacy PIC: X(8)"
    },
    "COMMAND_RESP": {
      "type": "integer",
      "description": "Legacy PIC: S9(8)"
    },
    "COMMAND_RESP2": {
      "type": "integer",
      "description": "Legacy PIC: S9(8)"
    },
    "CREDIT_CHECK_TRAN": {
      "type": "string",
      "description": "Legacy PIC: X(4)"
    },
    "DB_CACHE_TRAN": {
      "type": "string",
      "description": "Legacy PIC: X(4)"
    },
    "GET_NAME_TRAN": {
      "type": "string",
      "description": "Legacy PIC: X(4)"
    },
    "GET_ADDR_TRAN": {
      "type": "string",
      "description": "Legacy PIC: X(4)"
    },
    "CSSTATUS_TRAN": {
      "type": "string",
      "description": "Legacy PIC: X(4)"
    },
    "GET_POLICY_TRAN": {
      "type": "string",
      "description": "Legacy PIC: X(4)"
    },
    "GET_SPEND_TRAN": {
      "type": "string",
      "description": "Legacy PIC: X(4)"
    },
    "CREDIT_CHECK_TKN": {
      "type": "string",
      "description": "Legacy PIC: X(16)"
    },
    "DB_CACHE_TKN": {
      "type": "string",
      "description": "Legacy PIC: X(16)"
    },
    "GET_NAME_TKN": {
      "type": "string",
      "description": "Legacy PIC: X(16)"
    },
    "GET_ADDR_TKN": {
      "type": "string",
      "description": "Legacy PIC: X(16)"
    },
    "CSSTATUS_TKN": {
      "type": "string",
      "description": "Legacy PIC: X(16)"
    },
    "GET_POLICY_TKN": {
      "type": "string",
      "description": "Legacy PIC: X(16)"
    },
    "GET_SPEND_TKN": {
      "type": "string",
      "description": "Legacy PIC: X(16)"
    },
    "CREDIT_CHECK_CHAN": {
      "type": "string",
      "description": "Legacy PIC: X(16)"
    },
    "DB_CACHE_CHAN": {
      "type": "string",
      "description": "Legacy PIC: X(16)"
    },
    "GET_NAME_CHAN": {
      "type": "string",
      "description": "Legacy PIC: X(16)"
    },
    "GET_ADDR_CHAN": {
      "type": "string",
      "description": "Legacy PIC: X(16)"
    },
    "CSSTATUS_CHAN": {
      "type": "string",
      "description": "Legacy PIC: X(16)"
    },
    "GET_POLICY_CHAN": {
      "type": "string",
      "description": "Legacy PIC: X(16)"
    },
    "GET_SPEND_CHAN": {
      "type": "string",
      "description": "Legacy PIC: X(16)"
    },
    "CHILD_RETURN_STATUS": {
      "type": "integer",
      "description": "Legacy PIC: S9(8)"
    },
    "CHILD_RETURN_ABCODE": {
      "type": "string",
      "description": "Legacy PIC: X(4)"
    }
  }
}
