{
  "files": {
    "src/main/java/com/gitgalaxy/modernized/CicsAsyncApiCreditCardApplicationExampleApplication.java": {
      "calls": [],
      "classes": [
        "CicsAsyncApiCreditCardApplicationExampleApplication"
      ],
      "endpoints": [],
      "fields": [],
      "kind": "other",
      "methods": [
        "main"
      ],
      "program": null,
      "sha256": "e9da1b28742cdd28295291915d11ad05e0cb445bb95e312b14c340dfe1e7965a"
    },
    "src/main/java/com/gitgalaxy/modernized/entity/AsyncpntReturnChannels.java": {
      "calls": [],
      "classes": [
        "AsyncpntReturnChannels"
      ],
      "endpoints": [],
      "fields": [
        "accountNum",
        "applicationFailed",
        "applicationResult",
        "applicationSuccess",
        "childReturnAbcode",
        "childReturnStatus",
        "commandResp",
        "commandResp2",
        "crdtchkContainer",
        "creditCheck",
        "creditCheckChan",
        "creditCheckResult",
        "creditCheckTkn",
        "creditCheckTran",
        "csstatus",
        "csstatusChan",
        "csstatusContainer",
        "csstatusTkn",
        "csstatusTran",
        "custNoIn",
        "customerAddress",
        "customerImportance",
        "customerName",
        "customerPostcode",
        "dbCache",
        "dbCacheChan",
        "dbCacheTkn",
        "dbCacheTran",
        "getAddr",
        "getAddrChan",
        "getAddrTkn",
        "getAddrTran",
        "getName",
        "getNameChan",
        "getNameTkn",
        "getNameTran",
        "getPolicyChan",
        "getPolicyTkn",
        "getPolicyTran",
        "getSpendChan",
        "getSpendTkn",
        "getSpendTran",
        "getaddrContainer",
        "getnameContainer",
        "getpostContainer",
        "inputContainer",
        "inputaccnum",
        "isTerminalBased",
        "mychannel",
        "parentProgram",
        "readInputLength",
        "resultText",
        "startCode",
        "sysId",
        "tran1Status",
        "tran2Status",
        "tran3Status",
        "tran4Status",
        "tran5Status",
        "tranid",
        "transaction1",
        "transaction2",
        "transaction3",
        "transaction4",
        "transaction5",
        "updcsdbContainer"
      ],
      "kind": "data",
      "methods": [],
      "program": null,
      "sha256": "799c7b4c5cae70f5fc1dcbe1f03c4991cd7676c410a15edd8573ea226400f6d8"
    },
    "src/main/java/com/gitgalaxy/modernized/entity/CrdtchkProgNames.java": {
      "calls": [],
      "classes": [
        "CrdtchkProgNames"
      ],
      "endpoints": [],
      "fields": [
        "commandResp",
        "commandResp2",
        "crdtchkContainer",
        "creditCheck",
        "creditCheckResult",
        "custNoIn",
        "inputContainer",
        "sysId"
      ],
      "kind": "data",
      "methods": [],
      "program": null,
      "sha256": "1476d271c374e8512781dfe7d550b8e4e1981d1ab22612d8fa867bb2a6b6c08e"
    },
    "src/main/java/com/gitgalaxy/modernized/entity/Csstats2ChildTokens.java": {
      "calls": [],
      "classes": [
        "Csstats2ChildTokens"
      ],
      "endpoints": [],
      "fields": [
        "commandResp",
        "commandResp2",
        "csstats2Container",
        "custNoIn",
        "customerImportance",
        "getPolicyTkn",
        "getPolicyTran",
        "getSpendTkn",
        "getSpendTran",
        "getpol",
        "getspnd",
        "inputContainer",
        "sysId"
      ],
      "kind": "data",
      "methods": [],
      "program": null,
      "sha256": "7dad44a97e9dedf8b2956161ecc442f199d0376019e03acaac0eb10c70f8b178"
    },
    "src/main/java/com/gitgalaxy/modernized/entity/CsstatusProgNames.java": {
      "calls": [],
      "classes": [
        "CsstatusProgNames"
      ],
      "endpoints": [],
      "fields": [
        "commandResp",
        "commandResp2",
        "csstatusContainer",
        "custNoIn",
        "customerImportance",
        "getpol",
        "getspnd",
        "inputContainer",
        "ok",
        "sysId"
      ],
      "kind": "data",
      "methods": [],
      "program": null,
      "sha256": "3f03c6295dd65582401153809f38d96dc947c7d857bfbd3af2c9966aceb7f976"
    },
    "src/main/java/com/gitgalaxy/modernized/entity/GetaddrProgNames.java": {
      "calls": [],
      "classes": [
        "GetaddrProgNames"
      ],
      "endpoints": [],
      "fields": [
        "commandResp",
        "commandResp2",
        "custNoIn",
        "customerAddress",
        "customerPostcode",
        "getAddr",
        "getaddrContainer",
        "getpostContainer",
        "inputContainer",
        "sysId"
      ],
      "kind": "data",
      "methods": [],
      "program": null,
      "sha256": "1b1fba0ffd8a3ef38d2022529e509829004477c43158f0ea2e07b7b88dbf6b7e"
    },
    "src/main/java/com/gitgalaxy/modernized/entity/GetnameProgNames.java": {
      "calls": [],
      "classes": [
        "GetnameProgNames"
      ],
      "endpoints": [],
      "fields": [
        "commandResp",
        "commandResp2",
        "custNoIn",
        "customerName",
        "getName",
        "getnameContainer",
        "inputContainer",
        "sysId"
      ],
      "kind": "data",
      "methods": [],
      "program": null,
      "sha256": "4af156c67337021ab2803fb267682e2ee1ae94ebd1c606a48eb24b4b5ca456a8"
    },
    "src/main/java/com/gitgalaxy/modernized/entity/SeqpntProgNames.java": {
      "calls": [],
      "classes": [
        "SeqpntProgNames"
      ],
      "endpoints": [],
      "fields": [
        "accountNum",
        "applicationFailed",
        "applicationResult",
        "applicationSuccess",
        "commandResp",
        "commandResp2",
        "crdtchkContainer",
        "creditCheck",
        "creditCheckResult",
        "csstatus",
        "csstatusContainer",
        "custNoIn",
        "customerAddress",
        "customerImportance",
        "customerName",
        "customerPostcode",
        "dbCache",
        "getAddr",
        "getName",
        "getaddrContainer",
        "getnameContainer",
        "getpostContainer",
        "inputContainer",
        "inputaccnum",
        "isTerminalBased",
        "mychannel",
        "parentProgram",
        "readInputLength",
        "resultText",
        "startCode",
        "sysId",
        "tran1Status",
        "tran2Status",
        "tran3Status",
        "tran4Status",
        "tran5Status",
        "tranid",
        "transaction1",
        "transaction2",
        "transaction3",
        "transaction4",
        "transaction5",
        "updcsdbContainer"
      ],
      "kind": "data",
      "methods": [],
      "program": null,
      "sha256": "19f3b62e19f76e540470d487cb342e0c514465fc58e98479f42af258a7b7caba"
    },
    "src/main/java/com/gitgalaxy/modernized/entity/UpdcsdbProgNames.java": {
      "calls": [],
      "classes": [
        "UpdcsdbProgNames"
      ],
      "endpoints": [],
      "fields": [
        "commandResp",
        "commandResp2",
        "crdtchkContainer",
        "custNoIn",
        "dbCache",
        "inputContainer",
        "sysId",
        "updcsdbContainer"
      ],
      "kind": "data",
      "methods": [],
      "program": null,
      "sha256": "9c918cb9666b0decc1557d30d3207352e25bfb890fce954ba9a4971076c3b8e0"
    },
    "src/main/java/com/gitgalaxy/modernized/service/AsyncpntService.java": {
      "calls": [],
      "classes": [
        "AsyncpntService"
      ],
      "endpoints": [],
      "fields": [],
      "kind": "service",
      "methods": [
        "executeAsyncpnt"
      ],
      "program": "src/ASYNCPNT.cbl",
      "sha256": "a8d3e4e5639318bb5bcaec7894c6f7d043e84ad453daa68571253cd10f6c5d55"
    },
    "src/main/java/com/gitgalaxy/modernized/service/CrdtchkService.java": {
      "calls": [],
      "classes": [
        "CrdtchkService"
      ],
      "endpoints": [],
      "fields": [],
      "kind": "service",
      "methods": [
        "executeCrdtchk"
      ],
      "program": "src/CRDTCHK.cbl",
      "sha256": "1ce14598bb357e9fb5403c2cbae38479cf8dbd1348b0ef00bc602f60cf1ffe7e"
    },
    "src/main/java/com/gitgalaxy/modernized/service/Csstats2Service.java": {
      "calls": [],
      "classes": [
        "Csstats2Service"
      ],
      "endpoints": [],
      "fields": [],
      "kind": "service",
      "methods": [
        "executeCsstats2"
      ],
      "program": "src/CSSTATS2.cbl",
      "sha256": "3adc594fbe86ffc1f94a16e405af2db5c0970384e29e84e533795bfd294390a8"
    },
    "src/main/java/com/gitgalaxy/modernized/service/CsstatusService.java": {
      "calls": [],
      "classes": [
        "CsstatusService"
      ],
      "endpoints": [],
      "fields": [],
      "kind": "service",
      "methods": [
        "executeCsstatus"
      ],
      "program": "src/CSSTATUS.cbl",
      "sha256": "168092b2fcbd265c81f87de34780bd34c5a0588e8c090bc19d67202c0e8a31a1"
    },
    "src/main/java/com/gitgalaxy/modernized/service/GetaddrService.java": {
      "calls": [],
      "classes": [
        "GetaddrService"
      ],
      "endpoints": [],
      "fields": [],
      "kind": "service",
      "methods": [
        "executeGetaddr"
      ],
      "program": "src/GETADDR.cbl",
      "sha256": "7f587c7dd9151af69cccfd15867e5b309cc9ee63545d7c650ef6d9efc521b5b6"
    },
    "src/main/java/com/gitgalaxy/modernized/service/GetnameService.java": {
      "calls": [],
      "classes": [
        "GetnameService"
      ],
      "endpoints": [],
      "fields": [],
      "kind": "service",
      "methods": [
        "executeGetname"
      ],
      "program": "src/GETNAME.cbl",
      "sha256": "fcf26c1983eb467ad885b16b0ce10a06954f583343a200bdc13ab08c5f660a47"
    },
    "src/main/java/com/gitgalaxy/modernized/service/GetpolService.java": {
      "calls": [],
      "classes": [
        "GetpolService"
      ],
      "endpoints": [],
      "fields": [],
      "kind": "service",
      "methods": [
        "executeGetpol"
      ],
      "program": "src/GETPOL.cbl",
      "sha256": "60d460101f8da11250113217232725added605a0c7a78228bb18334450116f7a"
    },
    "src/main/java/com/gitgalaxy/modernized/service/GetspndService.java": {
      "calls": [],
      "classes": [
        "GetspndService"
      ],
      "endpoints": [],
      "fields": [],
      "kind": "service",
      "methods": [
        "executeGetspnd"
      ],
      "program": "src/GETSPND.cbl",
      "sha256": "769fb0b6a5fe8e28a835915d17e9c4bb627e2b840eea5839533ee13d98b3bbaa"
    },
    "src/main/java/com/gitgalaxy/modernized/service/SeqpntService.java": {
      "calls": [],
      "classes": [
        "SeqpntService"
      ],
      "endpoints": [],
      "fields": [],
      "kind": "service",
      "methods": [
        "executeSeqpnt"
      ],
      "program": "src/SEQPNT.cbl",
      "sha256": "f28658e12ef983067dee16ced1e6bf0bd78cee749de6d5ead3cce7283fd39ebd"
    },
    "src/main/java/com/gitgalaxy/modernized/service/UpdcsdbService.java": {
      "calls": [],
      "classes": [
        "UpdcsdbService"
      ],
      "endpoints": [],
      "fields": [],
      "kind": "service",
      "methods": [
        "executeUpdcsdb"
      ],
      "program": "src/UPDCSDB.cbl",
      "sha256": "24a1be8f92046be272d64b1f88bd41befcb35473b2db11d413fbc25e90da45b8"
    },
    "src/main/java/com/gitgalaxy/modernized/util/CobolCompare.java": {
      "calls": [],
      "classes": [
        "CobolCompare"
      ],
      "endpoints": [],
      "fields": [],
      "kind": "other",
      "methods": [
        "CobolCompare",
        "bytes",
        "compare",
        "eq",
        "filled",
        "ge",
        "gt",
        "highValues",
        "le",
        "lowValues",
        "lt"
      ],
      "program": null,
      "sha256": "a97626e7b0add603f98f9cc6bc825ef247c7fa57a6bba7619738a77b4385a45f"
    },
    "src/main/java/com/gitgalaxy/modernized/util/EbcdicDecoderUtil.java": {
      "calls": [],
      "classes": [
        "EbcdicDecoderUtil",
        "PackedDecimalDataException"
      ],
      "endpoints": [],
      "fields": [],
      "kind": "other",
      "methods": [
        "decodeEbcdicString",
        "invalid",
        "unpackComp3"
      ],
      "program": null,
      "sha256": "798cfe5cf5c8bd5e0a6fe146ccd7bc39f951e6e486e4791a3c9f1a46b294f926"
    }
  },
  "generated_from": {
    "clean_room": "cics-async-api-credit-card-application-example_gitgalaxy_clean_<TS>"
  },
  "tables": [],
  "version": 1
}
