{
  "metadata": {
    "file_name": "COUSR00C.cbl",
    "path": "<WORK>/aws-mainframe-modernization-carddemo/app/cbl/COUSR00C.cbl",
    "corporate_header": "",
    "loc": 695,
    "ir_sources": {
      "lineage": "forge",
      "schemas": "forge"
    }
  },
  "analysis": {
    "dead_code": {
      "program_id": "COUSR00C.cbl",
      "total_vars": 544,
      "orphaned_vars": [
        "CCDA-COMMON-MESSAGES",
        "CCDA-MSG-THANK-YOU",
        "CCDA-SCREEN-TITLE",
        "CCDA-THANK-YOU",
        "CDEMO-ACCOUNT-INFO",
        "CDEMO-CARD-INFO",
        "CDEMO-CU00-INFO",
        "CDEMO-CUSTOMER-INFO",
        "CDEMO-GENERAL-INFO",
        "CDEMO-MORE-INFO",
        "CURDATEC",
        "CURDATEF",
        "CURDATEH",
        "CURDATEI",
        "CURDATEL",
        "CURDATEP",
        "CURDATEV",
        "CURTIMEC",
        "CURTIMEF",
        "CURTIMEH",
        "CURTIMEI",
        "CURTIMEL",
        "CURTIMEP",
        "CURTIMEV",
        "ERRMSGC",
        "ERRMSGF",
        "ERRMSGH",
        "ERRMSGI",
        "ERRMSGL",
        "ERRMSGP",
        "ERRMSGV",
        "FNAME01C",
        "FNAME01F",
        "FNAME01H",
        "FNAME01L",
        "FNAME01O",
        "FNAME01P",
        "FNAME01V",
        "FNAME02C",
        "FNAME02F",
        "FNAME02H",
        "FNAME02L",
        "FNAME02O",
        "FNAME02P",
        "FNAME02V",
        "FNAME03C",
        "FNAME03F",
        "FNAME03H",
        "FNAME03L",
        "FNAME03O",
        "FNAME03P",
        "FNAME03V",
        "FNAME04C",
        "FNAME04F",
        "FNAME04H",
        "FNAME04L",
        "FNAME04O",
        "FNAME04P",
        "FNAME04V",
        "FNAME05C",
        "FNAME05F",
        "FNAME05H",
        "FNAME05L",
        "FNAME05O",
        "FNAME05P",
        "FNAME05V",
        "FNAME06C",
        "FNAME06F",
        "FNAME06H",
        "FNAME06L",
        "FNAME06O",
        "FNAME06P",
        "FNAME06V",
        "FNAME07C",
        "FNAME07F",
        "FNAME07H",
        "FNAME07L",
        "FNAME07O",
        "FNAME07P",
        "FNAME07V",
        "FNAME08C",
        "FNAME08F",
        "FNAME08H",
        "FNAME08L",
        "FNAME08O",
        "FNAME08P",
        "FNAME08V",
        "FNAME09C",
        "FNAME09F",
        "FNAME09H",
        "FNAME09L",
        "FNAME09O",
        "FNAME09P",
        "FNAME09V",
        "FNAME10C",
        "FNAME10F",
        "FNAME10H",
        "FNAME10L",
        "FNAME10O",
        "FNAME10P",
        "FNAME10V",
        "LK-COMMAREA",
        "LNAME01C",
        "LNAME01F",
        "LNAME01H",
        "LNAME01L",
        "LNAME01O",
        "LNAME01P",
        "LNAME01V",
        "LNAME02C",
        "LNAME02F",
        "LNAME02H",
        "LNAME02L",
        "LNAME02O",
        "LNAME02P",
        "LNAME02V",
        "LNAME03C",
        "LNAME03F",
        "LNAME03H",
        "LNAME03L",
        "LNAME03O",
        "LNAME03P",
        "LNAME03V",
        "LNAME04C",
        "LNAME04F",
        "LNAME04H",
        "LNAME04L",
        "LNAME04O",
        "LNAME04P",
        "LNAME04V",
        "LNAME05C",
        "LNAME05F",
        "LNAME05H",
        "LNAME05L",
        "LNAME05O",
        "LNAME05P",
        "LNAME05V",
        "LNAME06C",
        "LNAME06F",
        "LNAME06H",
        "LNAME06L",
        "LNAME06O",
        "LNAME06P",
        "LNAME06V",
        "LNAME07C",
        "LNAME07F",
        "LNAME07H",
        "LNAME07L",
        "LNAME07O",
        "LNAME07P",
        "LNAME07V",
        "LNAME08C",
        "LNAME08F",
        "LNAME08H",
        "LNAME08L",
        "LNAME08O",
        "LNAME08P",
        "LNAME08V",
        "LNAME09C",
        "LNAME09F",
        "LNAME09H",
        "LNAME09L",
        "LNAME09O",
        "LNAME09P",
        "LNAME09V",
        "LNAME10C",
        "LNAME10F",
        "LNAME10H",
        "LNAME10L",
        "LNAME10O",
        "LNAME10P",
        "LNAME10V",
        "PAGENUMC",
        "PAGENUMF",
        "PAGENUMH",
        "PAGENUML",
        "PAGENUMO",
        "PAGENUMP",
        "PAGENUMV",
        "PGMNAMEC",
        "PGMNAMEF",
        "PGMNAMEH",
        "PGMNAMEI",
        "PGMNAMEL",
        "PGMNAMEP",
        "PGMNAMEV",
        "SEC-USR-FILLER",
        "SEC-USR-PWD",
        "SEL0001C",
        "SEL0001F",
        "SEL0001H",
        "SEL0001L",
        "SEL0001O",
        "SEL0001P",
        "SEL0001V",
        "SEL0002C",
        "SEL0002F",
        "SEL0002H",
        "SEL0002L",
        "SEL0002O",
        "SEL0002P",
        "SEL0002V",
        "SEL0003C",
        "SEL0003F",
        "SEL0003H",
        "SEL0003L",
        "SEL0003O",
        "SEL0003P",
        "SEL0003V",
        "SEL0004C",
        "SEL0004F",
        "SEL0004H",
        "SEL0004L",
        "SEL0004O",
        "SEL0004P",
        "SEL0004V",
        "SEL0005C",
        "SEL0005F",
        "SEL0005H",
        "SEL0005L",
        "SEL0005O",
        "SEL0005P",
        "SEL0005V",
        "SEL0006C",
        "SEL0006F",
        "SEL0006H",
        "SEL0006L",
        "SEL0006O",
        "SEL0006P",
        "SEL0006V",
        "SEL0007C",
        "SEL0007F",
        "SEL0007H",
        "SEL0007L",
        "SEL0007O",
        "SEL0007P",
        "SEL0007V",
        "SEL0008C",
        "SEL0008F",
        "SEL0008H",
        "SEL0008L",
        "SEL0008O",
        "SEL0008P",
        "SEL0008V",
        "SEL0009C",
        "SEL0009F",
        "SEL0009H",
        "SEL0009L",
        "SEL0009O",
        "SEL0009P",
        "SEL0009V",
        "SEL0010C",
        "SEL0010F",
        "SEL0010H",
        "SEL0010L",
        "SEL0010O",
        "SEL0010P",
        "SEL0010V",
        "TITLE01C",
        "TITLE01F",
        "TITLE01H",
        "TITLE01I",
        "TITLE01L",
        "TITLE01P",
        "TITLE01V",
        "TITLE02C",
        "TITLE02F",
        "TITLE02H",
        "TITLE02I",
        "TITLE02L",
        "TITLE02P",
        "TITLE02V",
        "TRNNAMEC",
        "TRNNAMEF",
        "TRNNAMEH",
        "TRNNAMEI",
        "TRNNAMEL",
        "TRNNAMEP",
        "TRNNAMEV",
        "USER-ID",
        "USER-NAME",
        "USER-REC",
        "USER-SEL",
        "USER-TYPE",
        "USRID01C",
        "USRID01F",
        "USRID01H",
        "USRID01L",
        "USRID01O",
        "USRID01P",
        "USRID01V",
        "USRID02C",
        "USRID02F",
        "USRID02H",
        "USRID02L",
        "USRID02O",
        "USRID02P",
        "USRID02V",
        "USRID03C",
        "USRID03F",
        "USRID03H",
        "USRID03L",
        "USRID03O",
        "USRID03P",
        "USRID03V",
        "USRID04C",
        "USRID04F",
        "USRID04H",
        "USRID04L",
        "USRID04O",
        "USRID04P",
        "USRID04V",
        "USRID05C",
        "USRID05F",
        "USRID05H",
        "USRID05L",
        "USRID05O",
        "USRID05P",
        "USRID05V",
        "USRID06C",
        "USRID06F",
        "USRID06H",
        "USRID06L",
        "USRID06O",
        "USRID06P",
        "USRID06V",
        "USRID07C",
        "USRID07F",
        "USRID07H",
        "USRID07L",
        "USRID07O",
        "USRID07P",
        "USRID07V",
        "USRID08C",
        "USRID08F",
        "USRID08H",
        "USRID08L",
        "USRID08O",
        "USRID08P",
        "USRID08V",
        "USRID09C",
        "USRID09F",
        "USRID09H",
        "USRID09L",
        "USRID09O",
        "USRID09P",
        "USRID09V",
        "USRID10C",
        "USRID10F",
        "USRID10H",
        "USRID10L",
        "USRID10O",
        "USRID10P",
        "USRID10V",
        "USRIDINC",
        "USRIDINF",
        "USRIDINH",
        "USRIDINP",
        "USRIDINV",
        "UTYPE01C",
        "UTYPE01F",
        "UTYPE01H",
        "UTYPE01L",
        "UTYPE01O",
        "UTYPE01P",
        "UTYPE01V",
        "UTYPE02C",
        "UTYPE02F",
        "UTYPE02H",
        "UTYPE02L",
        "UTYPE02O",
        "UTYPE02P",
        "UTYPE02V",
        "UTYPE03C",
        "UTYPE03F",
        "UTYPE03H",
        "UTYPE03L",
        "UTYPE03O",
        "UTYPE03P",
        "UTYPE03V",
        "UTYPE04C",
        "UTYPE04F",
        "UTYPE04H",
        "UTYPE04L",
        "UTYPE04O",
        "UTYPE04P",
        "UTYPE04V",
        "UTYPE05C",
        "UTYPE05F",
        "UTYPE05H",
        "UTYPE05L",
        "UTYPE05O",
        "UTYPE05P",
        "UTYPE05V",
        "UTYPE06C",
        "UTYPE06F",
        "UTYPE06H",
        "UTYPE06L",
        "UTYPE06O",
        "UTYPE06P",
        "UTYPE06V",
        "UTYPE07C",
        "UTYPE07F",
        "UTYPE07H",
        "UTYPE07L",
        "UTYPE07O",
        "UTYPE07P",
        "UTYPE07V",
        "UTYPE08C",
        "UTYPE08F",
        "UTYPE08H",
        "UTYPE08L",
        "UTYPE08O",
        "UTYPE08P",
        "UTYPE08V",
        "UTYPE09C",
        "UTYPE09F",
        "UTYPE09H",
        "UTYPE09L",
        "UTYPE09O",
        "UTYPE09P",
        "UTYPE09V",
        "UTYPE10C",
        "UTYPE10F",
        "UTYPE10H",
        "UTYPE10L",
        "UTYPE10O",
        "UTYPE10P",
        "UTYPE10V",
        "WS-CURDATE-N",
        "WS-CURTIME-N",
        "WS-DATE-TIME",
        "WS-PAGE-NUM",
        "WS-REC-COUNT",
        "WS-SEND-ERASE-FLG",
        "WS-TIMESTAMP",
        "WS-TIMESTAMP-DT-DD",
        "WS-TIMESTAMP-DT-MM",
        "WS-TIMESTAMP-DT-YYYY",
        "WS-TIMESTAMP-TM-HH",
        "WS-TIMESTAMP-TM-MM",
        "WS-TIMESTAMP-TM-MS6",
        "WS-TIMESTAMP-TM-SS",
        "WS-USER-DATA",
        "WS-USER-SEC-EOF",
        "WS-VARIABLES"
      ],
      "total_paras": 16,
      "dead_paras": [],
      "loc_saved": 446
    },
    "lineage": {
      "program_id": "COUSR00C",
      "inputs": [],
      "outputs": [],
      "unresolved_calls": []
    },
    "base_intent": {
      "program_id": "COUSR00C",
      "files_requested": [],
      "is_cics": true,
      "is_db2": false,
      "cics_calls": 11,
      "sql_calls": 0
    },
    "honesty_flags": []
  },
  "generation": {
    "schemas": {
      "table": "DFHCOMMAREA",
      "sql": "CREATE TABLE DFHCOMMAREA (\n    WS_PGMNAME                     VARCHAR(08),\n    WS_TRANID                      VARCHAR(04),\n    WS_MESSAGE                     VARCHAR(80),\n    WS_USRSEC_FILE                 VARCHAR(08),\n    WS_ERR_FLG                     VARCHAR(01),\n    WS_RESP_CD                     INTEGER,\n    WS_REAS_CD                     INTEGER,\n    WS_IDX                         SMALLINT,\n    CDEMO_CU00_USRID_FIRST         VARCHAR(08),\n    CDEMO_CU00_USRID_LAST          VARCHAR(08),\n    CDEMO_CU00_PAGE_NUM            INTEGER,\n    CDEMO_CU00_NEXT_PAGE_FLG       VARCHAR(01),\n    CDEMO_CU00_USR_SEL_FLG         VARCHAR(01),\n    CDEMO_CU00_USR_SELECTED        VARCHAR(08)\n);",
      "json": {
        "$schema": "http://json-schema.org/draft-07/schema#",
        "title": "DFHCOMMAREA",
        "type": "object",
        "properties": {
          "WS_PGMNAME": {
            "type": "string",
            "description": "Legacy PIC: X(08)"
          },
          "WS_TRANID": {
            "type": "string",
            "description": "Legacy PIC: X(04)"
          },
          "WS_MESSAGE": {
            "type": "string",
            "description": "Legacy PIC: X(80)"
          },
          "WS_USRSEC_FILE": {
            "type": "string",
            "description": "Legacy PIC: X(08)"
          },
          "WS_ERR_FLG": {
            "type": "string",
            "description": "Legacy PIC: X(01)"
          },
          "WS_RESP_CD": {
            "type": "integer",
            "description": "Legacy PIC: S9(09)"
          },
          "WS_REAS_CD": {
            "type": "integer",
            "description": "Legacy PIC: S9(09)"
          },
          "WS_IDX": {
            "type": "integer",
            "description": "Legacy PIC: S9(04)"
          },
          "CDEMO_CU00_USRID_FIRST": {
            "type": "string",
            "description": "Legacy PIC: X(08)"
          },
          "CDEMO_CU00_USRID_LAST": {
            "type": "string",
            "description": "Legacy PIC: X(08)"
          },
          "CDEMO_CU00_PAGE_NUM": {
            "type": "integer",
            "description": "Legacy PIC: 9(08)"
          },
          "CDEMO_CU00_NEXT_PAGE_FLG": {
            "type": "string",
            "description": "Legacy PIC: X(01)"
          },
          "CDEMO_CU00_USR_SEL_FLG": {
            "type": "string",
            "description": "Legacy PIC: X(01)"
          },
          "CDEMO_CU00_USR_SELECTED": {
            "type": "string",
            "description": "Legacy PIC: X(08)"
          }
        }
      }
    },
    "jcl": "//GITGJOB JOB (12345),'GITGALAXY GENERATOR',\n//             CLASS=A,MSGCLASS=A,MSGLEVEL=(1,1),\n//             USER=HERC01,PASSWORD=CUL8TR,\n//             TIME=10,REGION=4M\n//* ==========================================================\n//* AUTOGENERATED BY GITGALAXY ZERO-TRUST GENERATOR\n//* ARCHITECTURE REQUIRES: CICS\n//* ==========================================================\n//STEP01   EXEC PGM=COUSR00C\n//STEPLIB  DD DSN=HERC01.LOADLIB,DISP=SHR\n//SYSOUT   DD SYSOUT=*\n//SYSPRINT DD SYSOUT=*\n//SYSUDUMP DD SYSOUT=*\n//"
  }
}
