package com.gitgalaxy.modernized.service;

import org.springframework.stereotype.Service;
import lombok.RequiredArgsConstructor;
import org.slf4j.Logger;
import org.slf4j.LoggerFactory;

@Service
@RequiredArgsConstructor
public class CustctrlService {

    private static final Logger log = LoggerFactory.getLogger(CustctrlService.class);

    public void executeCustctrl(/* Parameters mapped from Controller */) {
        log.info("Executing modernized business logic for CUSTCTRL");
        // TODO: [AI AGENT] Implement extracted business rules here.
    }
}