{
  "$schema": "http://json-schema.org/draft-07/schema#",
  "title": "PENDING_AUTH_DETAILS",
  "type": "object",
  "properties": {
    "CURRENT_DATE": {
      "type": "number",
      "description": "Legacy PIC: 9(06)."
    },
    "CURRENT_YYDDD": {
      "type": "number",
      "description": "Legacy PIC: 9(05)."
    },
    "WS_AUTH_DATE": {
      "type": "number",
      "description": "Legacy PIC: 9(05)."
    },
    "WS_EXPIRY_DAYS": {
      "type": "integer",
      "description": "Legacy PIC: S9(4)"
    },
    "WS_DAY_DIFF": {
      "type": "integer",
      "description": "Legacy PIC: S9(4)"
    },
    "WS_CURR_APP_ID": {
      "type": "number",
      "description": "Legacy PIC: 9(11)."
    },
    "WS_NO_CHKP": {
      "type": "integer",
      "description": "Legacy PIC: 9(8)"
    },
    "WS_AUTH_SMRY_PROC_CNT": {
      "type": "integer",
      "description": "Legacy PIC: 9(8)"
    },
    "WS_NO_SUMRY_READ": {
      "type": "integer",
      "description": "Legacy PIC: S9(8)"
    },
    "WS_NO_SUMRY_DELETED": {
      "type": "integer",
      "description": "Legacy PIC: S9(8)"
    },
    "WS_NO_DTL_READ": {
      "type": "integer",
      "description": "Legacy PIC: S9(8)"
    },
    "WS_NO_DTL_DELETED": {
      "type": "integer",
      "description": "Legacy PIC: S9(8)"
    },
    "WK_CHKPT_ID_CTR": {
      "type": "integer",
      "description": "Legacy PIC: 9(04)"
    },
    "PAUT_PCB_NUM": {
      "type": "integer",
      "description": "Legacy PIC: S9(4)"
    },
    "P_EXPIRY_DAYS": {
      "type": "number",
      "description": "Legacy PIC: 9(02)."
    },
    "P_CHKP_FREQ": {
      "type": "string",
      "description": "Legacy PIC: X(05)."
    },
    "P_CHKP_DIS_FREQ": {
      "type": "string",
      "description": "Legacy PIC: X(05)."
    },
    "P_DEBUG_FLAG": {
      "type": "string",
      "description": "Legacy PIC: X(01)."
    },
    "IO_PCB_MASK": {
      "type": "string",
      "description": "Legacy PIC: X."
    },
    "PGM_PCB_MASK": {
      "type": "string",
      "description": "Legacy PIC: X."
    }
  }
}
