CREATE TABLE DFHCOMMAREA (
    WS_RESP_CD                     INTEGER,
    WS_REAS_CD                     INTEGER,
    WS_TRANID                      VARCHAR(4),
    WS_UCTRANS                     VARCHAR(4),
    CARD_NAME_CHECK                VARCHAR(50),
    FLG_YES_NO_CHECK               VARCHAR(1),
    CARD_MONTH_CHECK               VARCHAR(2),
    CARD_YEAR_CHECK                VARCHAR(4),
    CARD_CVV_CD_X                  VARCHAR(03),
    CARD_CVV_CD_N                  SMALLINT,
    CARD_EXPIRY_YEAR               VARCHAR(4),
    CARD_EXPIRY_MONTH              VARCHAR(2),
    CARD_EXPIRY_DAY                VARCHAR(2),
    WS_CARD_RID_CARDNUM            VARCHAR(16),
    WS_CARD_RID_ACCT_ID            BIGINT,
    ERROR_OPNAME                   VARCHAR(8),
    ERROR_FILE                     VARCHAR(9),
    ERROR_RESP                     VARCHAR(10),
    ERROR_RESP2                    VARCHAR(10),
    WS_INFO_MSG                    VARCHAR(40),
    WS_RETURN_MSG                  VARCHAR(75),
    LIT_THISPGM                    VARCHAR(8),
    LIT_THISTRANID                 VARCHAR(4),
    LIT_THISMAPSET                 VARCHAR(8),
    LIT_THISMAP                    VARCHAR(7),
    LIT_CCLISTPGM                  VARCHAR(8),
    LIT_CCLISTMAPSET               VARCHAR(7),
    LIT_MENUPGM                    VARCHAR(8),
    LIT_MENUTRANID                 VARCHAR(4),
    LIT_CARDFILENAME               VARCHAR(8),
    LIT_ALL_ALPHA_FROM             VARCHAR(52),
    LIT_ALL_SPACES_TO              VARCHAR(52),
    LIT_UPPER                      VARCHAR(26),
    LIT_LOWER                      VARCHAR(26),
    CCUP_CHANGE_ACTION             VARCHAR(1),
    CCUP_OLD_ACCTID                VARCHAR(11),
    CCUP_OLD_CARDID                VARCHAR(16),
    CCUP_OLD_CVV_CD                VARCHAR(3),
    CCUP_OLD_CRDNAME               VARCHAR(50),
    CCUP_OLD_EXPYEAR               VARCHAR(4),
    CCUP_OLD_EXPMON                VARCHAR(2),
    CCUP_OLD_EXPDAY                VARCHAR(2),
    CCUP_OLD_CRDSTCD               VARCHAR(1),
    CCUP_NEW_ACCTID                VARCHAR(11),
    CCUP_NEW_CARDID                VARCHAR(16),
    CCUP_NEW_CVV_CD                VARCHAR(3),
    CCUP_NEW_CRDNAME               VARCHAR(50),
    CCUP_NEW_EXPYEAR               VARCHAR(4),
    CCUP_NEW_EXPMON                VARCHAR(2),
    CCUP_NEW_EXPDAY                VARCHAR(2),
    CCUP_NEW_CRDSTCD               VARCHAR(1),
    CARD_UPDATE_NUM                VARCHAR(16),
    CARD_UPDATE_ACCT_ID            BIGINT,
    CARD_UPDATE_CVV_CD             SMALLINT,
    CARD_UPDATE_EMBOSSED_NAME      VARCHAR(50),
    CARD_UPDATE_EXPIRAION_DATE     VARCHAR(10),
    CARD_UPDATE_ACTIVE_STATUS      VARCHAR(01),
    WS_COMMAREA                    VARCHAR(2000)
);