{
  "$schema": "http://json-schema.org/draft-07/schema#",
  "title": "DFHCOMMAREA",
  "type": "object",
  "properties": {
    "WS_PGMNAME": {
      "type": "string",
      "description": "Legacy PIC: X(08)"
    },
    "WS_TRANID": {
      "type": "string",
      "description": "Legacy PIC: X(04)"
    },
    "WS_MESSAGE": {
      "type": "string",
      "description": "Legacy PIC: X(80)"
    },
    "WS_USRSEC_FILE": {
      "type": "string",
      "description": "Legacy PIC: X(08)"
    },
    "WS_ERR_FLG": {
      "type": "string",
      "description": "Legacy PIC: X(01)"
    },
    "WS_RESP_CD": {
      "type": "integer",
      "description": "Legacy PIC: S9(09)"
    },
    "WS_REAS_CD": {
      "type": "integer",
      "description": "Legacy PIC: S9(09)"
    },
    "WS_USER_ID": {
      "type": "string",
      "description": "Legacy PIC: X(08)."
    },
    "WS_USER_PWD": {
      "type": "string",
      "description": "Legacy PIC: X(08)."
    }
  }
}
