{
  "$schema": "http://json-schema.org/draft-07/schema#",
  "title": "FEEDBACK_CODE",
  "type": "object",
  "properties": {
    "VSTRING_LENGTH": {
      "type": "integer",
      "description": "Legacy PIC: S9(4)"
    },
    "VSTRING_CHAR": {
      "type": "string",
      "description": "Legacy PIC: X"
    },
    "OUTPUT_LILLIAN": {
      "type": "integer",
      "description": "Legacy PIC: S9(9)"
    },
    "WS_SEVERITY": {
      "type": "string",
      "description": "Legacy PIC: X(04)"
    },
    "WS_SEVERITY_N": {
      "type": "integer",
      "description": "Legacy PIC: 9(4)"
    },
    "WS_MSG_NO": {
      "type": "string",
      "description": "Legacy PIC: X(04)"
    },
    "WS_MSG_NO_N": {
      "type": "integer",
      "description": "Legacy PIC: 9(4)"
    },
    "WS_RESULT": {
      "type": "string",
      "description": "Legacy PIC: X(15)"
    },
    "WS_DATE": {
      "type": "string",
      "description": "Legacy PIC: X(10)"
    },
    "WS_DATE_FMT": {
      "type": "string",
      "description": "Legacy PIC: X(10)"
    },
    "SEVERITY": {
      "type": "integer",
      "description": "Legacy PIC: S9(4)"
    },
    "MSG_NO": {
      "type": "integer",
      "description": "Legacy PIC: S9(4)"
    },
    "CLASS_CODE": {
      "type": "integer",
      "description": "Legacy PIC: S9(4)"
    },
    "CAUSE_CODE": {
      "type": "integer",
      "description": "Legacy PIC: S9(4)"
    },
    "CASE_SEV_CTL": {
      "type": "string",
      "description": "Legacy PIC: X"
    },
    "FACILITY_ID": {
      "type": "string",
      "description": "Legacy PIC: XXX"
    },
    "LS_DATE": {
      "type": "string",
      "description": "Legacy PIC: X(10)"
    },
    "LS_DATE_FORMAT": {
      "type": "string",
      "description": "Legacy PIC: X(10)"
    },
    "LS_RESULT": {
      "type": "string",
      "description": "Legacy PIC: X(80)"
    }
  }
}
