CREATE TABLE DFHCOMMAREA (
    CURRENT_ABS                    BIGINT -- Legacy: COMP-3 (Packed Decimal),
    TWELVE                         INTEGER,
    TEN                            INTEGER,
    SEVEN                          INTEGER,
    TWO                            INTEGER,
    ONE                            INTEGER,
    FIVE_TWELVE                    INTEGER,
    EOF                            VARCHAR(01),
    SLASH                          VARCHAR(01),
    ADR                            VARCHAR(03),
    SDR                            VARCHAR(03),
    DOT                            VARCHAR(01),
    CLEAR_ALL                      VARCHAR(07),
    CRLF                           VARCHAR(02),
    DC_TRANID                      VARCHAR(04),
    ZK_TRANID                      VARCHAR(04),
    ZF_TRANID                      VARCHAR(04),
    ZF_LENGTH                      SMALLINT,
    DELETE_LENGTH                  SMALLINT,
    URI_MAP                        VARCHAR(08),
    URI_PATH                       VARCHAR(255),
    RESOURCES                      VARCHAR(10),
    REPLICATE                      VARCHAR(10),
    HTTP_OK                        VARCHAR(02),
    HTTP_STATUS_200                SMALLINT,
    SEND_ACTION                    INTEGER,
    NUMBER_OF_SPACES               INTEGER,
    NUMBER_OF_NULLS                INTEGER,
    WEB_METHOD                     INTEGER,
    WEB_PATH_LENGTH                INTEGER,
    ACTIVE_SINGLE                  VARCHAR(02),
    ACTIVE_ACTIVE                  VARCHAR(02),
    ACTIVE_STANDBY                 VARCHAR(02),
    DC_TYPE                        VARCHAR(02),
    THE_OTHER_DC                   VARCHAR(160),
    DC_TOKEN                       VARCHAR(16),
    DC_LENGTH                      INTEGER,
    THE_OTHER_DC_LENGTH            INTEGER,
    SESSION_TOKEN                  BIGINT,
    URL_SCHEME_NAME                VARCHAR(16),
    URL_SCHEME                     INTEGER,
    URL_PORT                       INTEGER,
    URL_HOST_NAME                  VARCHAR(80),
    URL_HOST_NAME_LENGTH           INTEGER,
    WEB_STATUS_CODE                SMALLINT,
    WEB_STATUS_LENGTH              INTEGER,
    WEB_STATUS_ABSTIME             BIGINT,
    WEB_PATH                       VARCHAR(512),
    CONVERSE_LENGTH                INTEGER,
    CONVERSE_RESPONSE              VARCHAR(40),
    TEXT_PLAIN                     VARCHAR(56),
    CA_TYPE                        VARCHAR(03),
    CA_URI_FIELD_01                VARCHAR(10)
);