package com.gitgalaxy.modernized.dto;

import lombok.Data;
import lombok.NoArgsConstructor;
import java.math.BigDecimal;

@Data
@NoArgsConstructor
public class Bnk1craDfhcommareaDto {

    private Integer wsCicsResp;

    private Integer wsCicsResp2;

    private String wsCicsFailMsg;

    private Integer wsCicsRespDisp;

    private Integer wsCicsResp2Disp;

    private String validDataSw;

    private String endOfSessionMessage;

    private Integer wsNumCountTotal;

    private Integer wsNumCountPoint;

    private Integer wsNumCountSpace;

    private String wsAmountUnstr;

    private Integer wsAmountUnstrL;

    private String wsAmountUnstrReverse;

    private String wsCommAccno;

    private String wsCommSign;

    private BigDecimal wsCommAmt;

    private String wsConvertPic11St;

    private String wsConvertPic1Point;

    private String wsConvertPic12Nd;

    private BigDecimal wsConvertDec;

    private String wsConvertPoint;

    private BigDecimal wsConvertRemain;

    private String subpgmAccno;

    private BigDecimal subpgmAmt;

    private BigDecimal subpgmSortc;

    private BigDecimal subpgmAvBal;

    private BigDecimal subpgmActBal;

    private String subpgmApplid;

    private String subpgmUserid;

    private String subpgmFacilityName;

    private String subpgmNetwrkId;

    private Integer subpgmFaciltype;

    private String subpgmSuccess;

    private String subpgmFailCode;

    private Integer wsUTime;

    private String wsOrigDate;

    private BigDecimal wsTimeNow;

    private BigDecimal wsTimeNowGrpHh;

    private BigDecimal wsTimeNowGrpMm;

    private BigDecimal wsTimeNowGrpSs;

    private String wsAbendPgm;

    private String commAccno;

    private String commSign;

    private BigDecimal commAmt;

}