package com.gitgalaxy.modernized.dto;

import lombok.Data;
import lombok.NoArgsConstructor;
import java.math.BigDecimal;

@Data
@NoArgsConstructor
public class Bnk1tfnDfhcommareaDto {

    private Integer wsCicsResp;

    private Integer wsCicsResp2;

    private String wsCicsFailMsg;

    private Integer wsCicsRespDisp;

    private Integer wsCicsResp2Disp;

    private String validDataSw;

    private String endOfSessionMessage;

    private Integer wsNumCountTotal;

    private Integer wsNumCountPoint;

    private Integer wsNumCountSpace;

    private Integer wsNumCountMinus;

    private String wsAmountUnstr;

    private Integer wsAmountUnstrL;

    private String wsAmountUnstrReverse;

    private String wsConvertPic11St;

    private String wsConvertPic1Point;

    private String wsConvertPic12Nd;

    private BigDecimal wsConvertDec;

    private String wsConvertPoint;

    private BigDecimal wsConvertRemain;

    private BigDecimal subpgmFaccno;

    private BigDecimal subpgmFscode;

    private BigDecimal subpgmTaccno;

    private BigDecimal subpgmTscode;

    private BigDecimal subpgmAmt;

    private BigDecimal subpgmFavbal;

    private BigDecimal subpgmFactbal;

    private BigDecimal subpgmTavbal;

    private BigDecimal subpgmTactbal;

    private String subpgmFailCode;

    private String subpgmSuccess;

    private Integer wsUTime;

    private String wsOrigDate;

    private BigDecimal wsTimeNow;

    private BigDecimal wsTimeNowGrpHh;

    private BigDecimal wsTimeNowGrpMm;

    private BigDecimal wsTimeNowGrpSs;

    private String wsAbendPgm;

}