package com.gitgalaxy.modernized.dto;

import lombok.Data;
import lombok.NoArgsConstructor;
import java.math.BigDecimal;

@Data
@NoArgsConstructor
public class DelcusDfhcommareaDto {

    private BigDecimal sysiderrRetry;

    private String hvProctranEyecatcher;

    private String hvProctranSortCode;

    private String hvProctranAccNumber;

    private String hvProctranDate;

    private String hvProctranTime;

    private String hvProctranRef;

    private String hvProctranType;

    private String hvProctranDesc;

    private BigDecimal hvProctranAmount;

    private Integer wsCicsResp;

    private Integer wsCicsResp2;

    private BigDecimal returnedSortCode;

    private BigDecimal returnedNumber;

    private Integer wsEibtaskn12;

    private Integer requiredSortCode;

    private BigDecimal desiredKeySortcode;

    private BigDecimal desiredKeyCustomer;

    private Integer wsUTime;

    private String wsOrigDate;

    private String wsApplid;

    private String remixScodeChar;

    private String wsStoredcEyecatcher;

    private BigDecimal wsStoredcSortcode;

    private BigDecimal wsStoredcNumber;

    private String wsStoredcName;

    private String wsStoredcAddress;

    private String wsStoredcDateOfBirth;

    private BigDecimal wsStoredcCreditScore;

    private String wsStoredcCsReviewDate;

    private Integer sqlcodeDisplay;

    private BigDecimal delaccCommAccno;

    private String delaccCommApplid;

    private Integer wsToken;

    private Integer wsIndex;

    private String inqcustProgram;

    private BigDecimal wsTimeNow;

    private BigDecimal wsTimeNowGrpHh;

    private BigDecimal wsTimeNowGrpMm;

    private BigDecimal wsTimeNowGrpSs;

    private String wsAbendPgm;

}