{
  "job_id": "COBOL__SAM2_REMEDIATION",
  "status": "PENDING",
  "task_type": "STRUCTURAL_ANOMALY_RESOLUTION",
  "target_file": "<WORK>/zopeneditor-sample/COBOL/SAM2.cbl",
  "context": {
    "detected_anomalies": [
      "HIGH LIMIT - Macro substitution detected. AST math may drift from actual compiled execution."
    ],
    "inputs_required": [],
    "outputs_produced": [],
    "external_calls": []
  },
  "system_prompt": "You are a deterministic legacy systems architect. Your task is to analyze the provided 'target_file' and resolve the structural issues listed in 'detected_anomalies'. Do not alter the core business logic. Return your proposed solution as a valid JSON object containing a 'diagnosis' string and a 'patched_code' string."
}
