package com.gitgalaxy.modernized.service;

import org.springframework.stereotype.Service;
import lombok.RequiredArgsConstructor;
import org.slf4j.Logger;
import org.slf4j.LoggerFactory;

@Service
@RequiredArgsConstructor
public class Cbact01cService {

    private static final Logger log = LoggerFactory.getLogger(Cbact01cService.class);

    // ⚠️ UNRESOLVED EXTERNAL DEPENDENCIES (FROM DAG)
    // TODO: AI AGENT - Implement or mock interface call to: AssemblerService

    public void executeCbact01c(/* Parameters mapped from Controller */) {
        log.info("Executing modernized business logic for CBACT01C");
        // TODO: [AI AGENT] Implement extracted business rules here.
    }
}