package com.gitgalaxy.modernized.service;

import org.springframework.stereotype.Service;
import lombok.RequiredArgsConstructor;
import org.slf4j.Logger;
import org.slf4j.LoggerFactory;

@Service
@RequiredArgsConstructor
public class Cousr03cService {

    private static final Logger log = LoggerFactory.getLogger(Cousr03cService.class);

    public void executeCousr03c(/* Parameters mapped from Controller */) {
        log.info("Executing modernized business logic for COUSR03C");
        // TODO: [AI AGENT] Implement extracted business rules here.
    }
}