{
  "$schema": "http://json-schema.org/draft-07/schema#",
  "title": "DFHCOMMAREA",
  "type": "object",
  "properties": {
    "WS_CICS_RESP": {
      "type": "integer",
      "description": "Legacy PIC: S9(8)"
    },
    "WS_CICS_RESP2": {
      "type": "integer",
      "description": "Legacy PIC: S9(8)"
    },
    "WS_CUSTOMER_RANGE_TOP": {
      "type": "string",
      "description": "Legacy PIC: X."
    },
    "WS_CUSTOMER_RANGE_MIDDLE": {
      "type": "string",
      "description": "Legacy PIC: X."
    },
    "WS_CUSTOMER_RANGE_BOTTOM": {
      "type": "string",
      "description": "Legacy PIC: X."
    },
    "COMM_UTIME_KEY": {
      "type": "integer",
      "description": "Legacy PIC: S9(15)"
    },
    "COMM_TASKNO_KEY": {
      "type": "number",
      "description": "Legacy PIC: 9(4)."
    }
  }
}
