CREATE TABLE DFHCOMMAREA (
    HV_ACCOUNT_EYECATCHER          VARCHAR(4),
    HV_ACCOUNT_CUST_NO             VARCHAR(10),
    HV_ACCOUNT_SORTCODE            VARCHAR(6),
    HV_ACCOUNT_ACC_NO              VARCHAR(8),
    HV_ACCOUNT_ACC_TYPE            VARCHAR(8),
    HV_ACCOUNT_INT_RATE            DECIMAL(6, 2) -- Legacy: COMP-3 (Packed Decimal),
    HV_ACCOUNT_OPENED              VARCHAR(10),
    HV_ACCOUNT_OVERDRAFT_LIM       INTEGER,
    HV_ACCOUNT_LAST_STMT           VARCHAR(10),
    HV_ACCOUNT_NEXT_STMT           VARCHAR(10),
    HV_ACCOUNT_AVAIL_BAL           DECIMAL(12, 2) -- Legacy: COMP-3 (Packed Decimal),
    HV_ACCOUNT_ACTUAL_BAL          DECIMAL(12, 2) -- Legacy: COMP-3 (Packed Decimal),
    SQLCODE_DISPLAY                INTEGER,
    DB2_DATE_REF_YR                SMALLINT,
    DB2_DATE_REF_MNTH              SMALLINT,
    DB2_DATE_REF_DAY               SMALLINT,
    DESIRED_SORT_CODE              INTEGER,
    DESIRED_ACC_NO                 INTEGER,
    WS_U_TIME                      BIGINT -- Legacy: COMP-3 (Packed Decimal),
    WS_ORIG_DATE                   VARCHAR(10),
    WS_TIME_NOW                    INTEGER,
    WS_TIME_NOW_GRP_HH             SMALLINT,
    WS_TIME_NOW_GRP_MM             SMALLINT,
    WS_TIME_NOW_GRP_SS             SMALLINT
);