{
  "files": {
    "src/main/java/com/gitgalaxy/modernized/ZecsApplication.java": {
      "calls": [],
      "classes": [
        "ZecsApplication"
      ],
      "endpoints": [],
      "fields": [],
      "kind": "other",
      "methods": [
        "main"
      ],
      "program": null,
      "sha256": "769cd74222cc0a6980cc0c8c9656b4e1fd9b0a61115bbb5670025bf7adb2b7d4"
    },
    "src/main/java/com/gitgalaxy/modernized/controller/Zecs001Controller.java": {
      "calls": [
        "Zecs001Service"
      ],
      "classes": [
        "Zecs001Controller"
      ],
      "endpoints": [
        "executeZecs001"
      ],
      "fields": [
        "zecs001Service"
      ],
      "kind": "controller",
      "methods": [
        "executeZecs001"
      ],
      "program": "Source/ZECS001.cbl",
      "sha256": "a61ff5034f408925f6202fcb31d5dc466e961bda6a3f15b5dd0168ca7edd18fe"
    },
    "src/main/java/com/gitgalaxy/modernized/dto/Zecs003DfhcommareaDto.java": {
      "calls": [],
      "classes": [
        "Zecs003DfhcommareaDto"
      ],
      "endpoints": [],
      "fields": [
        "activeActive",
        "activeSingle",
        "activeStandby",
        "adr",
        "caType",
        "caUriField01",
        "clearAll",
        "converseLength",
        "converseResponse",
        "crlf",
        "currentAbs",
        "dcLength",
        "dcToken",
        "dcTranid",
        "dcType",
        "deleteLength",
        "dot",
        "eof",
        "fiveTwelve",
        "httpOk",
        "httpStatus200",
        "numberOfNulls",
        "numberOfSpaces",
        "one",
        "replicate",
        "resources",
        "sdr",
        "sendAction",
        "sessionToken",
        "seven",
        "slash",
        "ten",
        "textPlain",
        "theOtherDc",
        "theOtherDcLength",
        "twelve",
        "two",
        "uriMap",
        "uriPath",
        "urlHostName",
        "urlHostNameLength",
        "urlPort",
        "urlScheme",
        "urlSchemeName",
        "webMethod",
        "webPath",
        "webPathLength",
        "webStatusAbstime",
        "webStatusCode",
        "webStatusLength",
        "zfLength",
        "zfTranid",
        "zkTranid"
      ],
      "kind": "data",
      "methods": [],
      "program": null,
      "sha256": "4af4a143d868b97cdf4a4eb65fd198e9a21dbdc339da02f97e1eb07a4f59a4fb"
    },
    "src/main/java/com/gitgalaxy/modernized/entity/Ecs001CicsMsg2.java": {
      "calls": [],
      "classes": [
        "Ecs001CicsMsg2"
      ],
      "endpoints": [],
      "fields": [
        "bodyData",
        "bodyDataLen",
        "cicsMsgCode",
        "cicsMsgHttp",
        "cicsMsgResp",
        "cicsMsgResp2",
        "cicsMsgStatus",
        "cicsMsgText",
        "ecsData",
        "ecsDataLen",
        "ecsKey",
        "ecsKeyLen",
        "httpStatusCode",
        "httpStatusLen",
        "httpStatusText",
        "i",
        "inputParm1",
        "inputParm2",
        "mediaType",
        "methodCdva",
        "pathName",
        "pathNameLen",
        "sessionToken",
        "sysId",
        "termDataLen",
        "termLines",
        "urimapName"
      ],
      "kind": "data",
      "methods": [],
      "program": null,
      "sha256": "3769f84401247a815765907f444e758650e3658a186b37efdc75932ab1ea034b"
    },
    "src/main/java/com/gitgalaxy/modernized/entity/Zecs000DcControl.java": {
      "calls": [],
      "classes": [
        "Zecs000DcControl"
      ],
      "endpoints": [],
      "fields": [
        "activeActive",
        "activeSingle",
        "activeStandby",
        "applid",
        "converseLength",
        "converseResponse",
        "cssl",
        "currentAbs",
        "dcLength",
        "dcToken",
        "dcTranid",
        "dcType",
        "deleteCount",
        "deplicate",
        "eof",
        "fifteen",
        "fiveHundred",
        "fiveTwelve",
        "forty",
        "httpStatus201",
        "numberOfNulls",
        "numberOfSpaces",
        "one",
        "recordCount",
        "relativeTime",
        "resetCount",
        "resources",
        "sessionToken",
        "slash",
        "sysId",
        "tdDate",
        "tdLength",
        "tdTime",
        "tdTranid",
        "ten",
        "theOtherDc",
        "theOtherDcLength",
        "ttlMilliseconds",
        "ttlSeconds",
        "ttlTime",
        "twelve",
        "two",
        "uriMap",
        "uriPath",
        "urlHostName",
        "urlHostNameLength",
        "urlPort",
        "urlScheme",
        "urlSchemeName",
        "webMethod",
        "webPath",
        "webPathLength",
        "webStatusAbstime",
        "webStatusCode",
        "webStatusLength",
        "zcEnqTranid",
        "zcKey",
        "zcLength",
        "zcTranid",
        "zfLength",
        "zfTranid",
        "zkTranid",
        "zxAbstime",
        "zxApplid",
        "zxDate",
        "zxFct",
        "zxInterval",
        "zxKey",
        "zxLength",
        "zxResp",
        "zxTaskid",
        "zxTime"
      ],
      "kind": "data",
      "methods": [],
      "program": null,
      "sha256": "581adf9afa5bac25a07463784d5e6c1026b109abc5478f5de6f22b10b090f47b"
    },
    "src/main/java/com/gitgalaxy/modernized/entity/Zecs001DeleteRecord.java": {
      "calls": [],
      "classes": [
        "Zecs001DeleteRecord"
      ],
      "endpoints": [],
      "fields": [
        "activeActive",
        "activeSingle",
        "activeStandby",
        "applicationXml",
        "authenticate",
        "binaryZeroes",
        "caEncode",
        "caReturnCode",
        "caType",
        "caUriField01",
        "caUserid",
        "cacheAddressX",
        "cacheLength",
        "cacheMessage",
        "clearText",
        "clientConvert",
        "converseLength",
        "converseResponse",
        "crlf",
        "cssl",
        "currentAbs",
        "dcLength",
        "dcToken",
        "dcTranid",
        "dcType",
        "deleteKey",
        "deleteSegment",
        "deleteSuffix",
        "deleteZeroes",
        "deplicate",
        "duplicatePost",
        "ettlResp",
        "ettlStatus",
        "ettlTranid",
        "fcRead",
        "fcRewrite",
        "fcWrite",
        "feDs",
        "feFn",
        "feNospace",
        "feParagraph",
        "feRcode",
        "feResp",
        "feResp2",
        "five",
        "fiveMinutes",
        "getmainLength",
        "headerAcaoLength",
        "http201Length",
        "http201Text",
        "http204Length",
        "http204Text",
        "http400Length",
        "http400Text",
        "http409Length",
        "http409Text",
        "http507Length",
        "http507Text",
        "httpAbstime",
        "httpAbstimeLength",
        "httpFileError",
        "httpFileLength",
        "httpHeader",
        "httpHeaderValue",
        "httpKeyError",
        "httpKeyLength",
        "httpNameLength",
        "httpNotFound",
        "httpNotFoundLength",
        "httpOk",
        "httpStatus200",
        "httpStatus201",
        "httpStatus204",
        "httpStatus400",
        "httpStatus401",
        "httpStatus409",
        "httpStatus507",
        "httpValueLength",
        "internalKey",
        "keDs",
        "keFn",
        "keNospace",
        "keParagraph",
        "keResp",
        "keResp2",
        "lastAccessTime",
        "lastUpdateTime",
        "latTranid",
        "maxSegmentCount",
        "maximumLength",
        "ncTranid",
        "noSpaceMessage",
        "one",
        "processComplete",
        "queryText",
        "readResp",
        "receiveLength",
        "relativeTime",
        "replicate",
        "resources",
        "saveAddressX",
        "sdAccess",
        "sdComma",
        "sdCrlf",
        "sdDelete",
        "sdIndex",
        "sdLength",
        "sdResp",
        "sdSelect",
        "sdToken",
        "sdTranid",
        "sdUpdate",
        "sdUserId",
        "segmentCount",
        "segmentRemainder",
        "sendAction",
        "sessionToken",
        "seven",
        "sevenDays",
        "six",
        "slash",
        "slashCounter",
        "sysId",
        "tdDate",
        "tdLength",
        "tdMessage",
        "tdTime",
        "tdTranid",
        "ten",
        "textAnything",
        "textPlain",
        "theOtherDc",
        "theOtherDcLength",
        "theTod",
        "thirty",
        "thirtyMinutes",
        "thirtyTwoKb",
        "ttlMilliseconds",
        "ttlSeconds",
        "ttlTime",
        "ttlType",
        "twelve",
        "twentyFourHours",
        "two",
        "twoFiftyFive",
        "unsegmentedLength",
        "uriField00",
        "uriField01",
        "uriField02",
        "uriField03",
        "uriField04",
        "uriKey",
        "uriPathLength",
        "uriPathPointer",
        "urlHostName",
        "urlHostNameLength",
        "urlPort",
        "urlScheme",
        "urlSchemeName",
        "userAccess",
        "userid",
        "valueAcao",
        "valueAcaoLength",
        "webHost",
        "webHostLength",
        "webHttpDelete",
        "webHttpGet",
        "webHttpPost",
        "webHttpPut",
        "webHttpmethod",
        "webHttpmethodLength",
        "webHttpversion",
        "webHttpversionLength",
        "webMediaType",
        "webMethod",
        "webPath",
        "webPathLength",
        "webPort",
        "webPortNumber",
        "webQuerystring",
        "webQuerystringLength",
        "webRequesttype",
        "webResp",
        "webResp2",
        "webScheme",
        "webStatusCode",
        "webStatusLength",
        "webStatusText",
        "webresp",
        "writeResp",
        "zecs002",
        "zecs003",
        "zecsIncrement",
        "zecsNcHw",
        "zecsValue",
        "zfLength",
        "zfSuccessful",
        "zfTranid",
        "zkLength",
        "zkTranid",
        "zuidstck"
      ],
      "kind": "data",
      "methods": [],
      "program": null,
      "sha256": "00df7fae76177602dd61a337aa908d9000d50979963d0e4d657d19d04580cafd"
    },
    "src/main/java/com/gitgalaxy/modernized/entity/ZecspltTdRecord.java": {
      "calls": [],
      "classes": [
        "ZecspltTdRecord"
      ],
      "endpoints": [],
      "fields": [
        "cssl",
        "eof",
        "sysId",
        "tdLength",
        "tdPath",
        "tdSuffix",
        "tdTran",
        "uriPath",
        "uriPrefix",
        "uriSuffix",
        "uriTran",
        "zc",
        "zxSuffix"
      ],
      "kind": "data",
      "methods": [],
      "program": null,
      "sha256": "64d9b66277433f034ae47eac3182055fffac52cda956b8abf9b3b3f3cb688dde"
    },
    "src/main/java/com/gitgalaxy/modernized/service/Ecs001Service.java": {
      "calls": [],
      "classes": [
        "Ecs001Service"
      ],
      "endpoints": [],
      "fields": [],
      "kind": "service",
      "methods": [
        "executeEcs001"
      ],
      "program": "Source/ECS001.cbl",
      "sha256": "ce08b4c712a836d54952794d03f5a88ee6ca14ead7336850bdaa0c6e7ac0870c"
    },
    "src/main/java/com/gitgalaxy/modernized/service/Zecs000Service.java": {
      "calls": [],
      "classes": [
        "Zecs000Service"
      ],
      "endpoints": [],
      "fields": [],
      "kind": "service",
      "methods": [
        "executeZecs000"
      ],
      "program": "Source/ZECS000.cbl",
      "sha256": "4ca726a1d4d90b298cfd8ec5db91b4f080ecbc3da35252048100e26ea92c54ed"
    },
    "src/main/java/com/gitgalaxy/modernized/service/Zecs001Service.java": {
      "calls": [
        "ZuidstckService"
      ],
      "classes": [
        "Zecs001Service"
      ],
      "endpoints": [],
      "fields": [],
      "kind": "service",
      "methods": [
        "executeZecs001"
      ],
      "program": "Source/ZECS001.cbl",
      "sha256": "1127be474b5988ffbc2649d3703a2d78a4c84ed113b1105da65cf40bfa69100b"
    },
    "src/main/java/com/gitgalaxy/modernized/service/Zecs003Service.java": {
      "calls": [],
      "classes": [
        "Zecs003Service"
      ],
      "endpoints": [],
      "fields": [],
      "kind": "service",
      "methods": [
        "executeZecs003"
      ],
      "program": "Source/ZECS003.cbl",
      "sha256": "8c346ba312ff5095fc3c28ca84613dd01b9e5e9fe69cc03354249ea7741ee215"
    },
    "src/main/java/com/gitgalaxy/modernized/service/ZecspltService.java": {
      "calls": [],
      "classes": [
        "ZecspltService"
      ],
      "endpoints": [],
      "fields": [],
      "kind": "service",
      "methods": [
        "executeZecsplt"
      ],
      "program": "Source/ZECSPLT.cbl",
      "sha256": "39d49ec65ed97fc60138214b5254560827737125753835429b523fb9adc81ebe"
    },
    "src/main/java/com/gitgalaxy/modernized/service/ZuidstckService.java": {
      "calls": [],
      "classes": [
        "ZuidstckService"
      ],
      "endpoints": [],
      "fields": [],
      "kind": "service",
      "methods": [
        "executeDummyCall"
      ],
      "program": null,
      "sha256": "df043be39226f1e001c9d00fb1b4272ba60a1697d339a65a063f5cac52e79f54"
    },
    "src/main/java/com/gitgalaxy/modernized/util/EbcdicDecoderUtil.java": {
      "calls": [],
      "classes": [
        "EbcdicDecoderUtil"
      ],
      "endpoints": [],
      "fields": [],
      "kind": "other",
      "methods": [
        "decodeEbcdicString",
        "unpackComp3"
      ],
      "program": null,
      "sha256": "520091ea864d66d59f2b02c5b62d725e0f2f137d01e4f41ff14ba92a06ccc2e2"
    }
  },
  "generated_from": {
    "clean_room": "zecs_gitgalaxy_clean_<TS>"
  },
  "tables": [],
  "version": 1
}
