{
  "$schema": "http://json-schema.org/draft-07/schema#",
  "title": "DFHCOMMAREA",
  "type": "object",
  "properties": {
    "WS_RESP": {
      "type": "integer",
      "description": "Legacy PIC: S9(8)"
    },
    "WS_RESP2": {
      "type": "integer",
      "description": "Legacy PIC: S9(8)"
    },
    "WS_COMMAREA_LEN": {
      "type": "integer",
      "description": "Legacy PIC: S9(4)"
    },
    "WF_REQUEST_ID": {
      "type": "string",
      "description": "Legacy PIC: X"
    },
    "WF_CUSTOMER_NUM": {
      "type": "string",
      "description": "Legacy PIC: X(10)"
    },
    "WF_POLICY_NUM": {
      "type": "string",
      "description": "Legacy PIC: X(10)"
    },
    "WF_POLICY_DATA": {
      "type": "string",
      "description": "Legacy PIC: X(43)"
    },
    "WF_B_POSTCODE": {
      "type": "string",
      "description": "Legacy PIC: X(8)"
    },
    "WF_B_STATUS": {
      "type": "integer",
      "description": "Legacy PIC: 9(4)"
    },
    "WF_B_CUSTOMER": {
      "type": "string",
      "description": "Legacy PIC: X(31)"
    },
    "WF_E_WITH_PROFITS": {
      "type": "string",
      "description": "Legacy PIC: X"
    },
    "WF_E_EQUITIES": {
      "type": "string",
      "description": "Legacy PIC: X"
    },
    "WF_E_MANAGED_FUND": {
      "type": "string",
      "description": "Legacy PIC: X"
    },
    "WF_E_FUND_NAME": {
      "type": "string",
      "description": "Legacy PIC: X(10)"
    },
    "WF_E_LIFE_ASSURED": {
      "type": "string",
      "description": "Legacy PIC: X(30)"
    },
    "WF_H_PROPERTY_TYPE": {
      "type": "string",
      "description": "Legacy PIC: X(15)"
    },
    "WF_H_BEDROOMS": {
      "type": "integer",
      "description": "Legacy PIC: 999"
    },
    "WF_H_VALUE": {
      "type": "integer",
      "description": "Legacy PIC: 9(8)"
    },
    "WF_H_POSTCODE": {
      "type": "string",
      "description": "Legacy PIC: X(8)"
    },
    "WF_H_HOUSE_NAME": {
      "type": "string",
      "description": "Legacy PIC: X(9)"
    },
    "WF_M_MAKE": {
      "type": "string",
      "description": "Legacy PIC: X(15)"
    },
    "WF_M_MODEL": {
      "type": "string",
      "description": "Legacy PIC: X(15)"
    },
    "WF_M_VALUE": {
      "type": "integer",
      "description": "Legacy PIC: 9(6)"
    },
    "WF_M_REGNUMBER": {
      "type": "string",
      "description": "Legacy PIC: X(7)"
    },
    "WS_ABSTIME": {
      "type": "integer",
      "description": "Legacy PIC: S9(8)"
    },
    "WS_TIME": {
      "type": "string",
      "description": "Legacy PIC: X(8)"
    },
    "WS_DATE": {
      "type": "string",
      "description": "Legacy PIC: X(10)"
    },
    "EM_DATE": {
      "type": "string",
      "description": "Legacy PIC: X(8)"
    },
    "EM_TIME": {
      "type": "string",
      "description": "Legacy PIC: X(6)"
    },
    "EM_POLNUM": {
      "type": "string",
      "description": "Legacy PIC: X(10)"
    },
    "EM_CUSNUM": {
      "type": "string",
      "description": "Legacy PIC: X(10)"
    },
    "EM_RESPRC": {
      "type": "integer",
      "description": "Legacy PIC: +9(5)"
    },
    "EM_RESP2RC": {
      "type": "integer",
      "description": "Legacy PIC: +9(5)"
    },
    "CA_DATA": {
      "type": "string",
      "description": "Legacy PIC: X(90)"
    }
  }
}
