CREATE TABLE DFHCOMMAREA (
    WS_TRANSID                     VARCHAR(4),
    WS_TERMID                      VARCHAR(4),
    WS_TASKNUM                     INTEGER,
    WS_CALEN                       SMALLINT,
    ABS_TIME                       INTEGER,
    TIME1                          VARCHAR(8),
    DATE1                          VARCHAR(10),
    EM_DATE                        VARCHAR(8),
    EM_TIME                        VARCHAR(6),
    EM_VARIABLE                    VARCHAR(21),
    CA_DATA                        VARCHAR(90),
    LGAPDB01                       VARCHAR(8),
    WS_CA_HEADER_LEN               SMALLINT,
    WS_REQUIRED_CA_LEN             SMALLINT
);